To honour the JVM settings for this build a single-use Daemon process will be forked. For more on this, please refer to https://docs.gradle.org/8.14.3/userguide/gradle_daemon.html#sec:disabling_the_daemon in the Gradle documentation.
Daemon will be stopped at the end of the build 
> Task :createMinecraftArtifacts UP-TO-DATE
> Task :compileJava UP-TO-DATE
> Task :processResources
> Task :classes
> Task :downloadAssets UP-TO-DATE
> Task :writeClientSmokeLegacyClasspath UP-TO-DATE
> Task :prepareClientSmokeRun UP-TO-DATE

> Task :runClientSmoke
WARN StatusConsoleListener Advanced terminal features are not available in this environment
[15:04:46] [main/INFO] [cp.mo.mo.Launcher/MODLAUNCHER]: ModLauncher running: args [--launchTarget, forgeclientdev, --version, 21.1.252, --assetIndex, 17, --assetsDir, C:\\Users\\User\\.gradle\\caches\\neoformruntime\\assets, --gameDir, ., --fml.fmlVersion, 4.0.44, --fml.mcVersion, 1.21.1, --fml.neoForgeVersion, 21.1.252, --fml.neoFormVersion, 20240808.144430]
[15:04:46] [main/INFO] [cp.mo.mo.Launcher/MODLAUNCHER]: JVM identified as Eclipse Adoptium OpenJDK 64-Bit Server VM 21.0.4+7-LTS
[15:04:46] [main/INFO] [cp.mo.mo.Launcher/MODLAUNCHER]: ModLauncher 11.0.5+main.901c6ea8 starting: java version 21.0.4 by Eclipse Adoptium; OS Windows 10 arch amd64 version 10.0
[15:04:46] [main/INFO] [ne.ne.fm.lo.ImmediateWindowHandler/]: Loading ImmediateWindowProvider fmlearlywindow
[15:04:46] [main/INFO] [EARLYDISPLAY/]: Trying GL version 4.6
[15:04:46] [main/INFO] [EARLYDISPLAY/]: Requested GL version 4.6 got version 4.6
[15:04:46] [main/INFO] [mixin/]: SpongePowered MIXIN Subsystem Version=0.8.7 Source=union:/C:/Users/User/.gradle/caches/modules-2/files-2.1/net.fabricmc/sponge-mixin/0.15.2+mixin.0.8.7/2af2f021d8e02a0220dc27a7a72b4666d66d44ca/sponge-mixin-0.15.2+mixin.0.8.7.jar%23138!/ Service=ModLauncher Env=CLIENT
[15:04:47] [pool-2-thread-1/INFO] [EARLYDISPLAY/]: GL info: NVIDIA GeForce GTX 1050 Ti/PCIe/SSE2 GL version 4.6.0 NVIDIA 560.94, NVIDIA Corporation
[15:04:47] [main/INFO] [ne.ne.fm.lo.mo.lo.JarInJarDependencyLocator/]: Found 2 dependencies adding them to mods collection
[15:04:47] [main/INFO] [ne.ne.fm.lo.mo.ModDiscoverer/]: 
     Mod List:
		Name Version (Mod Id)

		GeckoLib 4 4.7.6 (geckolib)
		Minecraft 1.21.1 (minecraft)
		NeoForge 21.1.252 (neoforge)
		Quake 2 Weapons 1v-1.21.1-neoforge (q2w)
[15:04:49] [main/INFO] [mixin/]: Compatibility level set to JAVA_21
[15:04:49] [main/INFO] [cp.mo.mo.LaunchServiceHandler/MODLAUNCHER]: Launching target 'forgeclientdev' with arguments [--version, 21.1.252, --gameDir, ., --assetsDir, C:\Users\User\.gradle\caches\neoformruntime\assets, --assetIndex, 17]
[15:04:49] [main/WARN] [mixin/]: Reference map 'geckolib.refmap.json' for geckolib.mixins.json could not be read. If this is a development environment you can ignore this message
[15:04:50] [main/INFO] [MixinExtras|Service/]: Initializing MixinExtras via com.llamalad7.mixinextras.service.MixinExtrasServiceImpl(version=0.5.3).
[15:04:53] [Datafixer Bootstrap/INFO] [mojang/DataFixerBuilder]: 229 Datafixer optimizations took 847 milliseconds
[15:05:02] [main/WARN] [minecraft/Commands]: Ambiguity between arguments [teleport, location] and [teleport, destination] with inputs: [0.1 -0.5 .9, 0 0 0]
[15:05:02] [main/WARN] [minecraft/Commands]: Ambiguity between arguments [teleport, location] and [teleport, targets] with inputs: [0.1 -0.5 .9, 0 0 0]
[15:05:02] [main/WARN] [minecraft/Commands]: Ambiguity between arguments [teleport, destination] and [teleport, targets] with inputs: [Player, 0123, @e, dd12be42-52a9-4a91-a8a1-11c01849e498]
[15:05:02] [main/WARN] [minecraft/Commands]: Ambiguity between arguments [teleport, targets] and [teleport, destination] with inputs: [Player, 0123, dd12be42-52a9-4a91-a8a1-11c01849e498]
[15:05:02] [main/WARN] [minecraft/Commands]: Ambiguity between arguments [teleport, targets, location] and [teleport, targets, destination] with inputs: [0.1 -0.5 .9, 0 0 0]
[15:05:02] [Render thread/WARN] [minecraft/VanillaPackResourcesBuilder]: Assets URL 'union:/G:/Minecraft%20Modifikationsfabrik/Quake%202%20Weapons/build/moddev/artifacts/neoforge-21.1.252.jar%23189!/assets/.mcassetsroot' uses unexpected schema
[15:05:02] [Render thread/WARN] [minecraft/VanillaPackResourcesBuilder]: Assets URL 'union:/G:/Minecraft%20Modifikationsfabrik/Quake%202%20Weapons/build/moddev/artifacts/neoforge-21.1.252.jar%23189!/data/.mcassetsroot' uses unexpected schema
[15:05:02] [Render thread/INFO] [mojang/YggdrasilAuthenticationService]: Environment: Environment[sessionHost=https://sessionserver.mojang.com, servicesHost=https://api.minecraftservices.com, name=PROD]
[15:05:02] [Render thread/INFO] [minecraft/Minecraft]: Setting user: Dev
[15:05:02] [Render thread/INFO] [minecraft/Minecraft]: Backend library: LWJGL version 3.3.3+5
[15:05:03] [modloading-worker-0/INFO] [ne.ne.ne.co.NeoForgeMod/NEOFORGE-MOD]: NeoForge mod loading, version 21.1.252, for MC 1.21.1
[15:05:04] [Render thread/INFO] [ne.ne.ne.ga.GameTestHooks/]: Enabled Gametest Namespaces: []
[15:05:04] [Render thread/INFO] [minecraft/ReloadableResourceManager]: Reloading ResourceManager: vanilla, mod_resources, mod/q2w, mod/geckolib, mod/neoforge
[15:05:04] [Worker-Main-1/WARN] [GeckoLib/]: Unsupported geometry json version for model q2w:geo/bfg10k.geo.json. Supported versions: 1.12.0
[15:05:04] [Worker-Main-6/WARN] [GeckoLib/]: Unsupported geometry json version for model q2w:geo/grenadelauncher.geo.json. Supported versions: 1.12.0
[15:05:04] [Worker-Main-5/WARN] [GeckoLib/]: Unsupported geometry json version for model q2w:geo/chaingun.geo.json. Supported versions: 1.12.0
[15:05:04] [Worker-Main-3/WARN] [GeckoLib/]: Unsupported geometry json version for model q2w:geo/blaster.geo.json. Supported versions: 1.12.0
[15:05:05] [Worker-Main-6/WARN] [GeckoLib/]: Unsupported geometry json version for model q2w:geo/handgrenade.geo.json. Supported versions: 1.12.0
[15:05:05] [Worker-Main-1/WARN] [GeckoLib/]: Unsupported geometry json version for model q2w:geo/railgun.geo.json. Supported versions: 1.12.0
[15:05:05] [Worker-Main-5/WARN] [GeckoLib/]: Unsupported geometry json version for model q2w:geo/hyperblaster.geo.json. Supported versions: 1.12.0
[15:05:05] [Worker-Main-3/WARN] [GeckoLib/]: Unsupported geometry json version for model q2w:geo/machinegun.geo.json. Supported versions: 1.12.0
[15:05:05] [Worker-Main-5/WARN] [GeckoLib/]: Unsupported geometry json version for model q2w:geo/super_shotgun.geo.json. Supported versions: 1.12.0
[15:05:05] [Worker-Main-6/WARN] [GeckoLib/]: Unsupported geometry json version for model q2w:geo/rocketlauncher.geo.json. Supported versions: 1.12.0
[15:05:05] [Worker-Main-1/WARN] [GeckoLib/]: Unsupported geometry json version for model q2w:geo/shotgun.geo.json. Supported versions: 1.12.0
[15:05:05] [Worker-Main-5/INFO] [minecraft/UnihexProvider]: Found unifont_all_no_pua-15.1.05.hex, loading
[15:05:05] [Worker-Main-7/INFO] [minecraft/UnihexProvider]: Found unifont_jp_patch-15.1.05.hex, loading
[15:05:08] [Render thread/WARN] [minecraft/SoundEngine]: Missing sound for event: minecraft:item.goat_horn.play
[15:05:08] [Render thread/WARN] [minecraft/SoundEngine]: Missing sound for event: minecraft:entity.goat.screaming.horn_break
[15:05:08] [Render thread/INFO] [mojang/Library]: OpenAL initialized on device OpenAL Soft on Kopfhörer (4- Logitech G535 Gaming Headset)
[15:05:08] [Render thread/INFO] [minecraft/SoundEngine]: Sound engine started
[15:05:08] [Render thread/INFO] [minecraft/TextureAtlas]: Created: 1024x1024x4 minecraft:textures/atlas/blocks.png-atlas
[15:05:08] [Render thread/INFO] [minecraft/TextureAtlas]: Created: 256x256x4 minecraft:textures/atlas/signs.png-atlas
[15:05:08] [Render thread/INFO] [minecraft/TextureAtlas]: Created: 512x512x4 minecraft:textures/atlas/shield_patterns.png-atlas
[15:05:08] [Render thread/INFO] [minecraft/TextureAtlas]: Created: 512x512x4 minecraft:textures/atlas/banner_patterns.png-atlas
[15:05:08] [Render thread/INFO] [minecraft/TextureAtlas]: Created: 1024x1024x4 minecraft:textures/atlas/armor_trims.png-atlas
[15:05:08] [Render thread/INFO] [minecraft/TextureAtlas]: Created: 256x256x4 minecraft:textures/atlas/chest.png-atlas
[15:05:08] [Render thread/INFO] [minecraft/TextureAtlas]: Created: 128x64x4 minecraft:textures/atlas/decorated_pot.png-atlas
[15:05:08] [Render thread/INFO] [minecraft/TextureAtlas]: Created: 512x256x4 minecraft:textures/atlas/beds.png-atlas
[15:05:08] [Render thread/INFO] [minecraft/TextureAtlas]: Created: 512x256x4 minecraft:textures/atlas/shulker_boxes.png-atlas
[15:05:08] [Render thread/INFO] [minecraft/TextureAtlas]: Created: 1024x512x0 minecraft:textures/atlas/particles.png-atlas
[15:05:08] [Render thread/INFO] [minecraft/TextureAtlas]: Created: 512x256x0 minecraft:textures/atlas/paintings.png-atlas
[15:05:08] [Render thread/INFO] [minecraft/TextureAtlas]: Created: 256x128x0 minecraft:textures/atlas/mob_effects.png-atlas
[15:05:08] [Render thread/INFO] [minecraft/TextureAtlas]: Created: 64x64x0 minecraft:textures/atlas/map_decorations.png-atlas
[15:05:08] [Render thread/INFO] [minecraft/TextureAtlas]: Created: 1024x512x0 minecraft:textures/atlas/gui.png-atlas
[15:05:08] [Render thread/WARN] [minecraft/ShaderInstance]: Shader rendertype_entity_translucent_emissive could not find sampler named Sampler2 in the specified shader program.
[15:05:08] [Render thread/INFO] [ne.ne.ne.cl.en.an.js.AnimationLoader/]: Loaded 0 entity animations
[15:05:12] [Render thread/INFO] [me.pa.q2.Quake2Weapons/]: Q2W_CLIENT_SMOKE_PASSED: 11 weapon renderers, models, textures and animations
[15:05:12] [Render thread/INFO] [minecraft/Minecraft]: Stopping!

BUILD SUCCESSFUL in 47s
7 actionable tasks: 2 executed, 5 up-to-date
