To honour the JVM settings for this build a single-use Daemon process will be forked. For more on this, please refer to https://docs.gradle.org/8.14.3/userguide/gradle_daemon.html#sec:disabling_the_daemon in the Gradle documentation.
Daemon will be stopped at the end of the build 
> Task :createMinecraftArtifacts UP-TO-DATE

> Task :compileJava
Hinweis: G:\Minecraft Modifikationsfabrik\Quake 2 Weapons\src\clienttest\java\mett\palemannie\q2w\ClientSmokeTest.java verwendet oder überschreibt eine veraltete API.
Hinweis: Wiederholen Sie die Kompilierung mit -Xlint:deprecation, um Details zu erhalten.

> Task :processResources
> Task :classes

> Task :downloadAssets
Loaded 145 artifacts from G:\Minecraft Modifikationsfabrik\Quake 2 Weapons\build\tmp\downloadAssets\nfrt_artifact_manifest.properties
Downloading asset index 17
Using Minecraft asset root: C:\Users\User\.gradle\caches\neoformruntime\assets
  DL    https://piston-meta.mojang.com/v1/packages/7cedb23305a218c4d1a58d27e7ad8a86ee495d48/17.json

> Task :writeClientSmokeLegacyClasspath UP-TO-DATE
> Task :prepareClientSmokeRun

> Task :runClientSmoke
WARN StatusConsoleListener Advanced terminal features are not available in this environment
[18:37:56] [main/INFO] [cp.mo.mo.Launcher/MODLAUNCHER]: ModLauncher running: args [--launchTarget, forgeclientdev, --version, 21.1.252, --assetIndex, 17, --assetsDir, C:\\Users\\User\\.gradle\\caches\\neoformruntime\\assets, --gameDir, ., --fml.fmlVersion, 4.0.44, --fml.mcVersion, 1.21.1, --fml.neoForgeVersion, 21.1.252, --fml.neoFormVersion, 20240808.144430]
[18:37:56] [main/INFO] [cp.mo.mo.Launcher/MODLAUNCHER]: JVM identified as Eclipse Adoptium OpenJDK 64-Bit Server VM 21.0.4+7-LTS
[18:37:56] [main/INFO] [cp.mo.mo.Launcher/MODLAUNCHER]: ModLauncher 11.0.5+main.901c6ea8 starting: java version 21.0.4 by Eclipse Adoptium; OS Windows 10 arch amd64 version 10.0
[18:37:57] [main/INFO] [ne.ne.fm.lo.ImmediateWindowHandler/]: Loading ImmediateWindowProvider fmlearlywindow
[18:37:57] [main/INFO] [EARLYDISPLAY/]: Trying GL version 4.6
[18:37:57] [main/INFO] [EARLYDISPLAY/]: Requested GL version 4.6 got version 4.6
[18:37:57] [main/INFO] [mixin/]: SpongePowered MIXIN Subsystem Version=0.8.7 Source=union:/C:/Users/User/.gradle/caches/modules-2/files-2.1/net.fabricmc/sponge-mixin/0.15.2+mixin.0.8.7/2af2f021d8e02a0220dc27a7a72b4666d66d44ca/sponge-mixin-0.15.2+mixin.0.8.7.jar%23138!/ Service=ModLauncher Env=CLIENT
[18:37:58] [pool-2-thread-1/INFO] [EARLYDISPLAY/]: GL info: NVIDIA GeForce GTX 1050 Ti/PCIe/SSE2 GL version 4.6.0 NVIDIA 560.94, NVIDIA Corporation
[18:37:59] [main/INFO] [ne.ne.fm.lo.mo.lo.JarInJarDependencyLocator/]: Found 2 dependencies adding them to mods collection
[18:37:59] [main/INFO] [ne.ne.fm.lo.mo.ModDiscoverer/]: 
     Mod List:
		Name Version (Mod Id)

		GeckoLib 4 4.7.6 (geckolib)
		Minecraft 1.21.1 (minecraft)
		NeoForge 21.1.252 (neoforge)
		Quake 2 Weapons 1.2v-1.21.1 (q2w)
[18:38:01] [main/INFO] [mixin/]: Compatibility level set to JAVA_21
[18:38:01] [main/INFO] [cp.mo.mo.LaunchServiceHandler/MODLAUNCHER]: Launching target 'forgeclientdev' with arguments [--version, 21.1.252, --gameDir, ., --assetsDir, C:\Users\User\.gradle\caches\neoformruntime\assets, --assetIndex, 17]
[18:38:01] [main/WARN] [mixin/]: Reference map 'geckolib.refmap.json' for geckolib.mixins.json could not be read. If this is a development environment you can ignore this message
[18:38:01] [main/INFO] [MixinExtras|Service/]: Initializing MixinExtras via com.llamalad7.mixinextras.service.MixinExtrasServiceImpl(version=0.5.3).
[18:38:04] [Datafixer Bootstrap/INFO] [mojang/DataFixerBuilder]: 229 Datafixer optimizations took 895 milliseconds
[18:38:13] [main/WARN] [minecraft/Commands]: Ambiguity between arguments [teleport, location] and [teleport, destination] with inputs: [0.1 -0.5 .9, 0 0 0]
[18:38:13] [main/WARN] [minecraft/Commands]: Ambiguity between arguments [teleport, location] and [teleport, targets] with inputs: [0.1 -0.5 .9, 0 0 0]
[18:38:13] [main/WARN] [minecraft/Commands]: Ambiguity between arguments [teleport, destination] and [teleport, targets] with inputs: [Player, 0123, @e, dd12be42-52a9-4a91-a8a1-11c01849e498]
[18:38:13] [main/WARN] [minecraft/Commands]: Ambiguity between arguments [teleport, targets] and [teleport, destination] with inputs: [Player, 0123, dd12be42-52a9-4a91-a8a1-11c01849e498]
[18:38:13] [main/WARN] [minecraft/Commands]: Ambiguity between arguments [teleport, targets, location] and [teleport, targets, destination] with inputs: [0.1 -0.5 .9, 0 0 0]
[18:38:14] [Render thread/WARN] [minecraft/VanillaPackResourcesBuilder]: Assets URL 'union:/G:/Minecraft%20Modifikationsfabrik/Quake%202%20Weapons/build/moddev/artifacts/neoforge-21.1.252.jar%23189!/assets/.mcassetsroot' uses unexpected schema
[18:38:14] [Render thread/WARN] [minecraft/VanillaPackResourcesBuilder]: Assets URL 'union:/G:/Minecraft%20Modifikationsfabrik/Quake%202%20Weapons/build/moddev/artifacts/neoforge-21.1.252.jar%23189!/data/.mcassetsroot' uses unexpected schema
[18:38:14] [Render thread/INFO] [mojang/YggdrasilAuthenticationService]: Environment: Environment[sessionHost=https://sessionserver.mojang.com, servicesHost=https://api.minecraftservices.com, name=PROD]
[18:38:14] [Render thread/INFO] [minecraft/Minecraft]: Setting user: Dev
[18:38:14] [Render thread/INFO] [minecraft/Minecraft]: Backend library: LWJGL version 3.3.3+5
[18:38:14] [modloading-worker-0/INFO] [ne.ne.ne.co.NeoForgeMod/NEOFORGE-MOD]: NeoForge mod loading, version 21.1.252, for MC 1.21.1
[18:38:16] [Render thread/INFO] [ne.ne.ne.ga.GameTestHooks/]: Enabled Gametest Namespaces: []
[18:38:17] [Render thread/INFO] [minecraft/ReloadableResourceManager]: Reloading ResourceManager: vanilla, mod_resources, mod/q2w, mod/geckolib, mod/neoforge
[18:38:17] [Worker-Main-1/WARN] [GeckoLib/]: Unsupported geometry json version for model q2w:geo/bfg10k.geo.json. Supported versions: 1.12.0
[18:38:17] [Worker-Main-7/WARN] [GeckoLib/]: Unsupported geometry json version for model q2w:geo/blaster.geo.json. Supported versions: 1.12.0
[18:38:17] [Worker-Main-7/WARN] [GeckoLib/]: Unsupported geometry json version for model q2w:geo/grenadelauncher.geo.json. Supported versions: 1.12.0
[18:38:17] [Worker-Main-4/WARN] [GeckoLib/]: Unsupported geometry json version for model q2w:geo/handgrenade.geo.json. Supported versions: 1.12.0
[18:38:17] [Worker-Main-1/WARN] [GeckoLib/]: Unsupported geometry json version for model q2w:geo/chaingun.geo.json. Supported versions: 1.12.0
[18:38:17] [Worker-Main-6/WARN] [GeckoLib/]: Unsupported geometry json version for model q2w:geo/hyperblaster.geo.json. Supported versions: 1.12.0
[18:38:17] [Worker-Main-4/WARN] [GeckoLib/]: Unsupported geometry json version for model q2w:geo/machinegun.geo.json. Supported versions: 1.12.0
[18:38:17] [Worker-Main-1/WARN] [GeckoLib/]: Unsupported geometry json version for model q2w:geo/railgun.geo.json. Supported versions: 1.12.0
[18:38:17] [Worker-Main-6/WARN] [GeckoLib/]: Unsupported geometry json version for model q2w:geo/rocketlauncher.geo.json. Supported versions: 1.12.0
[18:38:17] [Worker-Main-1/WARN] [GeckoLib/]: Unsupported geometry json version for model q2w:geo/super_shotgun.geo.json. Supported versions: 1.12.0
[18:38:17] [Worker-Main-4/WARN] [GeckoLib/]: Unsupported geometry json version for model q2w:geo/shotgun.geo.json. Supported versions: 1.12.0
[18:38:17] [Worker-Main-5/INFO] [minecraft/UnihexProvider]: Found unifont_all_no_pua-15.1.05.hex, loading
[18:38:17] [Worker-Main-1/INFO] [minecraft/UnihexProvider]: Found unifont_jp_patch-15.1.05.hex, loading
[18:38:20] [Render thread/WARN] [minecraft/SoundEngine]: Missing sound for event: minecraft:item.goat_horn.play
[18:38:20] [Render thread/WARN] [minecraft/SoundEngine]: Missing sound for event: minecraft:entity.goat.screaming.horn_break
[18:38:20] [Render thread/INFO] [mojang/Library]: OpenAL initialized on device OpenAL Soft on Kopfhörer (4- Logitech G535 Gaming Headset)
[18:38:20] [Render thread/INFO] [minecraft/SoundEngine]: Sound engine started
[18:38:20] [Render thread/INFO] [minecraft/TextureAtlas]: Created: 1024x1024x4 minecraft:textures/atlas/blocks.png-atlas
[18:38:20] [Render thread/INFO] [minecraft/TextureAtlas]: Created: 256x256x4 minecraft:textures/atlas/signs.png-atlas
[18:38:20] [Render thread/INFO] [minecraft/TextureAtlas]: Created: 512x512x4 minecraft:textures/atlas/shield_patterns.png-atlas
[18:38:20] [Render thread/INFO] [minecraft/TextureAtlas]: Created: 512x512x4 minecraft:textures/atlas/banner_patterns.png-atlas
[18:38:20] [Render thread/INFO] [minecraft/TextureAtlas]: Created: 1024x1024x4 minecraft:textures/atlas/armor_trims.png-atlas
[18:38:20] [Render thread/INFO] [minecraft/TextureAtlas]: Created: 256x256x4 minecraft:textures/atlas/chest.png-atlas
[18:38:20] [Render thread/INFO] [minecraft/TextureAtlas]: Created: 128x64x4 minecraft:textures/atlas/decorated_pot.png-atlas
[18:38:20] [Render thread/INFO] [minecraft/TextureAtlas]: Created: 512x256x4 minecraft:textures/atlas/beds.png-atlas
[18:38:20] [Render thread/INFO] [minecraft/TextureAtlas]: Created: 512x256x4 minecraft:textures/atlas/shulker_boxes.png-atlas
[18:38:20] [Render thread/INFO] [minecraft/TextureAtlas]: Created: 1024x512x0 minecraft:textures/atlas/particles.png-atlas
[18:38:20] [Render thread/INFO] [minecraft/TextureAtlas]: Created: 512x256x0 minecraft:textures/atlas/paintings.png-atlas
[18:38:20] [Render thread/INFO] [minecraft/TextureAtlas]: Created: 256x128x0 minecraft:textures/atlas/mob_effects.png-atlas
[18:38:20] [Render thread/INFO] [minecraft/TextureAtlas]: Created: 64x64x0 minecraft:textures/atlas/map_decorations.png-atlas
[18:38:20] [Render thread/INFO] [minecraft/TextureAtlas]: Created: 1024x512x0 minecraft:textures/atlas/gui.png-atlas
[18:38:21] [Render thread/WARN] [minecraft/ShaderInstance]: Shader rendertype_entity_translucent_emissive could not find sampler named Sampler2 in the specified shader program.
[18:38:21] [Render thread/INFO] [ne.ne.ne.cl.en.an.js.AnimationLoader/]: Loaded 0 entity animations
[18:38:25] [Render thread/INFO] [minecraft/RecipeManager]: Loaded 1309 recipes
[18:38:25] [Render thread/INFO] [minecraft/AdvancementTree]: Loaded 1399 advancements
[18:38:31] [Server thread/INFO] [minecraft/IntegratedServer]: Starting integrated minecraft server version 1.21.1
[18:38:31] [Server thread/INFO] [minecraft/MinecraftServer]: Generating keypair
[18:38:31] [Server thread/INFO] [me.pa.q2.ev.PowerupSpawner/]: [Quake2Weapons] PowerupSpawner config reloaded:
[18:38:31] [Server thread/INFO] [me.pa.q2.ev.PowerupSpawner/]: interval=600 | attempts=5 | radius=5 | debug=false | enablePowerups=true, maxNearbyPowerups=4
[18:38:31] [Server thread/INFO] [me.pa.q2.ev.PowerupSpawner/]: [Quake2Weapons] Config values after load: powerupSpawnInterval=600, powerupSpawnAttempts=5, powerupSpawnSearchRadius=5, enablePowerups=true, powerupDebug=false, maxNearbyPowerups=net.neoforged.neoforge.common.ModConfigSpec$IntValue@27763b19
[18:38:31] [Server thread/INFO] [me.pa.q2.Quake2Weapons/]: [Quake2Weapons] Power Shield config reloaded:
[18:38:31] [Server thread/INFO] [me.pa.q2.Quake2Weapons/]: powershieldAbsorbRatio=0.66 | powershieldDamagePreCellConsumed=2.0
[18:38:31] [Server thread/INFO] [me.pa.q2.Quake2Weapons/]: [Quake2Weapons] Config values after load: powershieldAbsorbRatio=0.66 | powershieldDamagePreCellConsumed=2.0
[18:38:39] [Server thread/INFO] [minecraft/MinecraftServer]: Preparing start region for dimension minecraft:overworld
[18:38:39] [progressListener/INFO] [minecraft/LoggerChunkProgressListener]: Preparing spawn area: 2%
[18:38:39] [progressListener/INFO] [minecraft/LoggerChunkProgressListener]: Preparing spawn area: 2%
[18:38:40] [progressListener/INFO] [minecraft/LoggerChunkProgressListener]: Preparing spawn area: 2%
[18:38:40] [progressListener/INFO] [minecraft/LoggerChunkProgressListener]: Preparing spawn area: 2%
[18:38:41] [progressListener/INFO] [minecraft/LoggerChunkProgressListener]: Preparing spawn area: 2%
[18:38:41] [progressListener/INFO] [minecraft/LoggerChunkProgressListener]: Preparing spawn area: 18%
[18:38:42] [progressListener/INFO] [minecraft/LoggerChunkProgressListener]: Preparing spawn area: 18%
[18:38:42] [progressListener/INFO] [minecraft/LoggerChunkProgressListener]: Preparing spawn area: 18%
[18:38:43] [progressListener/INFO] [minecraft/LoggerChunkProgressListener]: Preparing spawn area: 18%
[18:38:43] [progressListener/INFO] [minecraft/LoggerChunkProgressListener]: Preparing spawn area: 51%
[18:38:44] [progressListener/INFO] [minecraft/LoggerChunkProgressListener]: Preparing spawn area: 51%
[18:38:44] [progressListener/INFO] [minecraft/LoggerChunkProgressListener]: Preparing spawn area: 51%
[18:38:45] [progressListener/INFO] [minecraft/LoggerChunkProgressListener]: Preparing spawn area: 51%
[18:38:45] [Server thread/INFO] [ne.ne.ne.se.pe.PermissionAPI/]: Successfully initialized permission handler neoforge:default_handler
[18:38:45] [progressListener/INFO] [minecraft/LoggerChunkProgressListener]: Time elapsed: 6384 ms
[18:38:45] [Server thread/INFO] [minecraft/IntegratedServer]: Changing view distance to 12, from 10
[18:38:45] [Server thread/INFO] [minecraft/IntegratedServer]: Changing simulation distance to 12, from 0
[18:38:46] [Server thread/INFO] [minecraft/PlayerList]: Dev[local:E:33d61da7] logged in with entity id 19 at (-5.5, 77.0, -0.5)
[18:38:47] [Server thread/INFO] [minecraft/MinecraftServer]: Dev joined the game
[18:38:47] [Render thread/INFO] [minecraft/AdvancementTree]: Loaded 2 advancements
[18:40:02] [Server thread/INFO] [minecraft/IntegratedServer]: Saving and pausing game...
[18:40:02] [Server thread/INFO] [minecraft/MinecraftServer]: Saving chunks for level 'ServerLevel[New World]'/minecraft:overworld
[18:40:02] [Server thread/INFO] [minecraft/MinecraftServer]: Saving chunks for level 'ServerLevel[New World]'/minecraft:the_end
[18:40:02] [Server thread/INFO] [minecraft/MinecraftServer]: Saving chunks for level 'ServerLevel[New World]'/minecraft:the_nether
[18:40:03] [Server thread/INFO] [minecraft/ServerGamePacketListenerImpl]: Dev lost connection: Disconnected
[18:40:03] [Server thread/INFO] [minecraft/MinecraftServer]: Dev left the game
[18:40:03] [Server thread/INFO] [minecraft/ServerCommonPacketListenerImpl]: Stopping singleplayer server as player logged out
[18:40:03] [Server thread/INFO] [minecraft/MinecraftServer]: Stopping server
[18:40:03] [Server thread/INFO] [minecraft/MinecraftServer]: Saving players
[18:40:03] [Server thread/INFO] [minecraft/MinecraftServer]: Saving worlds
[18:40:05] [Server thread/INFO] [minecraft/MinecraftServer]: Saving chunks for level 'ServerLevel[New World]'/minecraft:overworld
[18:40:09] [Server thread/INFO] [minecraft/MinecraftServer]: Saving chunks for level 'ServerLevel[New World]'/minecraft:the_end
[18:40:09] [Server thread/INFO] [minecraft/MinecraftServer]: Saving chunks for level 'ServerLevel[New World]'/minecraft:the_nether
[18:40:09] [Server thread/INFO] [minecraft/MinecraftServer]: ThreadedAnvilChunkStorage (New World): All chunks are saved
[18:40:09] [Server thread/INFO] [minecraft/MinecraftServer]: ThreadedAnvilChunkStorage (DIM1): All chunks are saved
[18:40:09] [Server thread/INFO] [minecraft/MinecraftServer]: ThreadedAnvilChunkStorage (DIM-1): All chunks are saved
[18:40:09] [Server thread/INFO] [minecraft/MinecraftServer]: ThreadedAnvilChunkStorage: All dimensions are saved
[18:40:10] [Render thread/INFO] [me.pa.q2.Quake2Weapons/]: Q2W_CLIENT_SMOKE_PASSED: 11 weapon renderers, models, textures and animations
[18:40:10] [Render thread/INFO] [minecraft/Minecraft]: Stopping!

[Incubating] Problems report is available at: file:///G:/Minecraft%20Modifikationsfabrik/Quake%202%20Weapons/build/reports/problems/problems-report.html

BUILD SUCCESSFUL in 3m 24s
7 actionable tasks: 5 executed, 2 up-to-date
