To honour the JVM settings for this build a single-use Daemon process will be forked. For more on this, please refer to https://docs.gradle.org/8.14.3/userguide/gradle_daemon.html#sec:disabling_the_daemon in the Gradle documentation.
Daemon will be stopped at the end of the build 
> Task :createMinecraftArtifacts UP-TO-DATE

> Task :compileJava
Hinweis: G:\Minecraft Modifikationsfabrik\Quake 2 Weapons\src\main\java\mett\palemannie\q2w\event\PowerupSpawner.java verwendet oder überschreibt eine veraltete API.
Hinweis: Wiederholen Sie die Kompilierung mit -Xlint:deprecation, um Details zu erhalten.

> Task :processResources UP-TO-DATE
> Task :classes
> Task :downloadAssets UP-TO-DATE
> Task :writeGameTestServerLegacyClasspath UP-TO-DATE
> Task :prepareGameTestServerRun UP-TO-DATE

> Task :runGameTestServer
WARN StatusConsoleListener Advanced terminal features are not available in this environment
[13:58:22] [main/INFO] [cp.mo.mo.Launcher/MODLAUNCHER]: ModLauncher running: args [--launchTarget, forgeserverdev, --gameDir, ., --fml.fmlVersion, 4.0.44, --fml.mcVersion, 1.21.1, --fml.neoForgeVersion, 21.1.252, --fml.neoFormVersion, 20240808.144430]
[13:58:22] [main/INFO] [cp.mo.mo.Launcher/MODLAUNCHER]: JVM identified as Eclipse Adoptium OpenJDK 64-Bit Server VM 21.0.4+7-LTS
[13:58:22] [main/INFO] [cp.mo.mo.Launcher/MODLAUNCHER]: ModLauncher 11.0.5+main.901c6ea8 starting: java version 21.0.4 by Eclipse Adoptium; OS Windows 10 arch amd64 version 10.0
[13:58:22] [main/INFO] [ne.ne.fm.lo.ImmediateWindowHandler/]: ImmediateWindowProvider not loading because launch target is forgeserverdev
[13:58:22] [main/INFO] [mixin/]: SpongePowered MIXIN Subsystem Version=0.8.7 Source=union:/C:/Users/User/.gradle/caches/modules-2/files-2.1/net.fabricmc/sponge-mixin/0.15.2+mixin.0.8.7/2af2f021d8e02a0220dc27a7a72b4666d66d44ca/sponge-mixin-0.15.2+mixin.0.8.7.jar%2394!/ Service=ModLauncher Env=SERVER
[13:58:23] [main/INFO] [ne.ne.fm.lo.mo.lo.JarInJarDependencyLocator/]: Found 2 dependencies adding them to mods collection
[13:58:23] [main/INFO] [ne.ne.fm.lo.mo.ModDiscoverer/]: 
     Mod List:
		Name Version (Mod Id)

		GeckoLib 4 4.7.6 (geckolib)
		Minecraft 1.21.1 (minecraft)
		NeoForge 21.1.252 (neoforge)
		Quake 2 Weapons 1.2v-1.21.1 (q2w)
[13:58:25] [main/INFO] [mixin/]: Compatibility level set to JAVA_21
[13:58:25] [main/INFO] [cp.mo.mo.LaunchServiceHandler/MODLAUNCHER]: Launching target 'forgeserverdev' with arguments [--gameDir, .]
[13:58:26] [main/WARN] [mixin/]: Reference map 'geckolib.refmap.json' for geckolib.mixins.json could not be read. If this is a development environment you can ignore this message
[13:58:28] [main/INFO] [MixinExtras|Service/]: Initializing MixinExtras via com.llamalad7.mixinextras.service.MixinExtrasServiceImpl(version=0.5.3).
[13:58:40] [main/WARN] [minecraft/Commands]: Ambiguity between arguments [teleport, location] and [teleport, destination] with inputs: [0.1 -0.5 .9, 0 0 0]
[13:58:40] [main/WARN] [minecraft/Commands]: Ambiguity between arguments [teleport, location] and [teleport, targets] with inputs: [0.1 -0.5 .9, 0 0 0]
[13:58:40] [main/WARN] [minecraft/Commands]: Ambiguity between arguments [teleport, destination] and [teleport, targets] with inputs: [Player, 0123, @e, dd12be42-52a9-4a91-a8a1-11c01849e498]
[13:58:40] [main/WARN] [minecraft/Commands]: Ambiguity between arguments [teleport, targets] and [teleport, destination] with inputs: [Player, 0123, dd12be42-52a9-4a91-a8a1-11c01849e498]
[13:58:40] [main/WARN] [minecraft/Commands]: Ambiguity between arguments [teleport, targets, location] and [teleport, targets, destination] with inputs: [0.1 -0.5 .9, 0 0 0]
[13:58:40] [modloading-worker-0/INFO] [ne.ne.ne.co.NeoForgeMod/NEOFORGE-MOD]: NeoForge mod loading, version 21.1.252, for MC 1.21.1
[13:58:41] [main/INFO] [mojang/YggdrasilAuthenticationService]: Environment: Environment[sessionHost=https://sessionserver.mojang.com, servicesHost=https://api.minecraftservices.com, name=PROD]
[13:58:41] [main/WARN] [minecraft/VanillaPackResourcesBuilder]: Assets URL 'union:/G:/Minecraft%20Modifikationsfabrik/Quake%202%20Weapons/build/moddev/artifacts/neoforge-21.1.252.jar%23125!/assets/.mcassetsroot' uses unexpected schema
[13:58:41] [main/WARN] [minecraft/VanillaPackResourcesBuilder]: Assets URL 'union:/G:/Minecraft%20Modifikationsfabrik/Quake%202%20Weapons/build/moddev/artifacts/neoforge-21.1.252.jar%23125!/data/.mcassetsroot' uses unexpected schema
[13:58:41] [main/INFO] [ne.ne.ne.ga.GameTestHooks/]: Enabled Gametest Namespaces: [q2w]
[13:58:43] [main/INFO] [minecraft/RecipeManager]: Loaded 1310 recipes
[13:58:44] [main/INFO] [minecraft/AdvancementTree]: Loaded 1400 advancements
[13:58:45] [Server thread/INFO] [me.pa.q2.ev.PowerupSpawner/]: [Quake2Weapons] PowerupSpawner config reloaded:
[13:58:45] [Server thread/INFO] [me.pa.q2.ev.PowerupSpawner/]: interval=600 | attempts=5 | radius=5 | debug=false | enablePowerups=true, maxNearbyPowerups=4
[13:58:45] [Server thread/INFO] [me.pa.q2.ev.PowerupSpawner/]: [Quake2Weapons] Config values after load: powerupSpawnInterval=600, powerupSpawnAttempts=5, powerupSpawnSearchRadius=5, enablePowerups=true, powerupDebug=false, maxNearbyPowerups=net.neoforged.neoforge.common.ModConfigSpec$IntValue@223e0e8
[13:58:45] [Server thread/INFO] [me.pa.q2.Quake2Weapons/]: [Quake2Weapons] Power Shield config reloaded:
[13:58:45] [Server thread/INFO] [me.pa.q2.Quake2Weapons/]: powershieldAbsorbRatio=0.66 | powershieldDamagePreCellConsumed=2.0
[13:58:45] [Server thread/INFO] [me.pa.q2.Quake2Weapons/]: [Quake2Weapons] Config values after load: powershieldAbsorbRatio=0.66 | powershieldDamagePreCellConsumed=2.0
[13:58:45] [Server thread/INFO] [minecraft/MinecraftServer]: Preparing start region for dimension minecraft:overworld
[13:58:45] [worldgen/INFO] [minecraft/LoggerChunkProgressListener]: Preparing spawn area: 2%
[13:58:45] [Server thread/INFO] [minecraft/LoggerChunkProgressListener]: Time elapsed: 262 ms
[13:58:45] [Server thread/INFO] [minecraft/GameTestServer]: Started game test server
[13:58:45] [Server thread/INFO] [ne.ne.ne.se.pe.PermissionAPI/]: Successfully initialized permission handler neoforge:default_handler
[13:58:46] [Server thread/INFO] [minecraft/GameTestServer]: 4 tests are now running at position 6895167, -59, -2875428!
[13:58:46] [Server thread/INFO] [minecraft/GameTestRunner]: Running test batch 'defaultBatch:0' (4 tests)...
[13:58:46] [Server thread/INFO] [minecraft/GameTestServer]: [    ]
[13:58:47] [Server thread/INFO] [minecraft/GameTestServer]: [    ]
[13:58:47] [Server thread/INFO] [minecraft/GameTestServer]: [++++]
[13:58:47] [Server thread/INFO] [minecraft/GameTestServer]: ========= 4 GAME TESTS COMPLETE IN 1.035 s ======================
[13:58:47] [Server thread/INFO] [minecraft/GameTestServer]: All 4 required tests passed :)
[13:58:47] [Server thread/INFO] [minecraft/GameTestServer]: ====================================================
[13:58:47] [Server thread/INFO] [minecraft/MinecraftServer]: Stopping server
[13:58:47] [Server thread/INFO] [minecraft/MinecraftServer]: Saving players
[13:58:47] [Server thread/INFO] [minecraft/MinecraftServer]: Saving worlds
[13:58:48] [Server thread/INFO] [minecraft/MinecraftServer]: Saving chunks for level 'ServerLevel[Test Level]'/minecraft:overworld
[13:58:48] [Server thread/INFO] [minecraft/MinecraftServer]: Saving chunks for level 'ServerLevel[Test Level]'/minecraft:the_end
[13:58:48] [Server thread/INFO] [minecraft/MinecraftServer]: Saving chunks for level 'ServerLevel[Test Level]'/minecraft:the_nether
[13:58:48] [Server thread/INFO] [minecraft/MinecraftServer]: ThreadedAnvilChunkStorage (world): All chunks are saved
[13:58:48] [Server thread/INFO] [minecraft/MinecraftServer]: ThreadedAnvilChunkStorage (DIM1): All chunks are saved
[13:58:48] [Server thread/INFO] [minecraft/MinecraftServer]: ThreadedAnvilChunkStorage (DIM-1): All chunks are saved
[13:58:48] [Server thread/INFO] [minecraft/MinecraftServer]: ThreadedAnvilChunkStorage: All dimensions are saved
[13:58:48] [Server thread/INFO] [minecraft/GameTestServer]: Game test server shutting down

> Task :writeClientSmokeLegacyClasspath UP-TO-DATE
> Task :prepareClientSmokeRun

> Task :runClientSmoke
WARN StatusConsoleListener Advanced terminal features are not available in this environment
[13:58:53] [main/INFO] [cp.mo.mo.Launcher/MODLAUNCHER]: ModLauncher running: args [--launchTarget, forgeclientdev, --version, 21.1.252, --assetIndex, 17, --assetsDir, C:\\Users\\User\\.gradle\\caches\\neoformruntime\\assets, --gameDir, ., --fml.fmlVersion, 4.0.44, --fml.mcVersion, 1.21.1, --fml.neoForgeVersion, 21.1.252, --fml.neoFormVersion, 20240808.144430]
[13:58:53] [main/INFO] [cp.mo.mo.Launcher/MODLAUNCHER]: JVM identified as Eclipse Adoptium OpenJDK 64-Bit Server VM 21.0.4+7-LTS
[13:58:53] [main/INFO] [cp.mo.mo.Launcher/MODLAUNCHER]: ModLauncher 11.0.5+main.901c6ea8 starting: java version 21.0.4 by Eclipse Adoptium; OS Windows 10 arch amd64 version 10.0
[13:58:53] [main/INFO] [ne.ne.fm.lo.ImmediateWindowHandler/]: Loading ImmediateWindowProvider fmlearlywindow
[13:58:53] [main/INFO] [EARLYDISPLAY/]: Trying GL version 4.6
[13:58:54] [main/INFO] [EARLYDISPLAY/]: Requested GL version 4.6 got version 4.6
[13:58:54] [main/INFO] [mixin/]: SpongePowered MIXIN Subsystem Version=0.8.7 Source=union:/C:/Users/User/.gradle/caches/modules-2/files-2.1/net.fabricmc/sponge-mixin/0.15.2+mixin.0.8.7/2af2f021d8e02a0220dc27a7a72b4666d66d44ca/sponge-mixin-0.15.2+mixin.0.8.7.jar%23138!/ Service=ModLauncher Env=CLIENT
[13:58:55] [pool-2-thread-1/INFO] [EARLYDISPLAY/]: GL info: NVIDIA GeForce GTX 1050 Ti/PCIe/SSE2 GL version 4.6.0 NVIDIA 560.94, NVIDIA Corporation
[13:58:55] [main/INFO] [ne.ne.fm.lo.mo.lo.JarInJarDependencyLocator/]: Found 2 dependencies adding them to mods collection
[13:58:55] [main/INFO] [ne.ne.fm.lo.mo.ModDiscoverer/]: 
     Mod List:
		Name Version (Mod Id)

		GeckoLib 4 4.7.6 (geckolib)
		Minecraft 1.21.1 (minecraft)
		NeoForge 21.1.252 (neoforge)
		Quake 2 Weapons 1.2v-1.21.1 (q2w)
[13:58:58] [main/INFO] [mixin/]: Compatibility level set to JAVA_21
[13:58:58] [main/INFO] [cp.mo.mo.LaunchServiceHandler/MODLAUNCHER]: Launching target 'forgeclientdev' with arguments [--version, 21.1.252, --gameDir, ., --assetsDir, C:\Users\User\.gradle\caches\neoformruntime\assets, --assetIndex, 17]
[13:58:58] [main/WARN] [mixin/]: Reference map 'geckolib.refmap.json' for geckolib.mixins.json could not be read. If this is a development environment you can ignore this message
[13:58:59] [main/INFO] [MixinExtras|Service/]: Initializing MixinExtras via com.llamalad7.mixinextras.service.MixinExtrasServiceImpl(version=0.5.3).
[13:59:02] [Datafixer Bootstrap/INFO] [mojang/DataFixerBuilder]: 229 Datafixer optimizations took 991 milliseconds
[13:59:11] [main/WARN] [minecraft/Commands]: Ambiguity between arguments [teleport, location] and [teleport, destination] with inputs: [0.1 -0.5 .9, 0 0 0]
[13:59:11] [main/WARN] [minecraft/Commands]: Ambiguity between arguments [teleport, location] and [teleport, targets] with inputs: [0.1 -0.5 .9, 0 0 0]
[13:59:11] [main/WARN] [minecraft/Commands]: Ambiguity between arguments [teleport, destination] and [teleport, targets] with inputs: [Player, 0123, @e, dd12be42-52a9-4a91-a8a1-11c01849e498]
[13:59:11] [main/WARN] [minecraft/Commands]: Ambiguity between arguments [teleport, targets] and [teleport, destination] with inputs: [Player, 0123, dd12be42-52a9-4a91-a8a1-11c01849e498]
[13:59:11] [main/WARN] [minecraft/Commands]: Ambiguity between arguments [teleport, targets, location] and [teleport, targets, destination] with inputs: [0.1 -0.5 .9, 0 0 0]
[13:59:11] [Render thread/WARN] [minecraft/VanillaPackResourcesBuilder]: Assets URL 'union:/G:/Minecraft%20Modifikationsfabrik/Quake%202%20Weapons/build/moddev/artifacts/neoforge-21.1.252.jar%23189!/assets/.mcassetsroot' uses unexpected schema
[13:59:11] [Render thread/WARN] [minecraft/VanillaPackResourcesBuilder]: Assets URL 'union:/G:/Minecraft%20Modifikationsfabrik/Quake%202%20Weapons/build/moddev/artifacts/neoforge-21.1.252.jar%23189!/data/.mcassetsroot' uses unexpected schema
[13:59:11] [Render thread/INFO] [mojang/YggdrasilAuthenticationService]: Environment: Environment[sessionHost=https://sessionserver.mojang.com, servicesHost=https://api.minecraftservices.com, name=PROD]
[13:59:11] [Render thread/INFO] [minecraft/Minecraft]: Setting user: Dev
[13:59:12] [Render thread/INFO] [minecraft/Minecraft]: Backend library: LWJGL version 3.3.3+5
[13:59:12] [modloading-worker-0/INFO] [ne.ne.ne.co.NeoForgeMod/NEOFORGE-MOD]: NeoForge mod loading, version 21.1.252, for MC 1.21.1
[13:59:14] [Render thread/INFO] [ne.ne.ne.ga.GameTestHooks/]: Enabled Gametest Namespaces: []
[13:59:14] [Render thread/INFO] [minecraft/ReloadableResourceManager]: Reloading ResourceManager: vanilla, mod_resources, mod/q2w, mod/geckolib, mod/neoforge
[13:59:14] [Worker-Main-6/WARN] [GeckoLib/]: Unsupported geometry json version for model q2w:geo/chaingun.geo.json. Supported versions: 1.12.0
[13:59:14] [Worker-Main-3/WARN] [GeckoLib/]: Unsupported geometry json version for model q2w:geo/bfg10k.geo.json. Supported versions: 1.12.0
[13:59:14] [Worker-Main-2/WARN] [GeckoLib/]: Unsupported geometry json version for model q2w:geo/blaster.geo.json. Supported versions: 1.12.0
[13:59:14] [Worker-Main-6/WARN] [GeckoLib/]: Unsupported geometry json version for model q2w:geo/handgrenade.geo.json. Supported versions: 1.12.0
[13:59:14] [Worker-Main-3/WARN] [GeckoLib/]: Unsupported geometry json version for model q2w:geo/hyperblaster.geo.json. Supported versions: 1.12.0
[13:59:14] [Worker-Main-6/WARN] [GeckoLib/]: Unsupported geometry json version for model q2w:geo/machinegun.geo.json. Supported versions: 1.12.0
[13:59:14] [Worker-Main-3/WARN] [GeckoLib/]: Unsupported geometry json version for model q2w:geo/railgun.geo.json. Supported versions: 1.12.0
[13:59:14] [Worker-Main-6/WARN] [GeckoLib/]: Unsupported geometry json version for model q2w:geo/rocketlauncher.geo.json. Supported versions: 1.12.0
[13:59:14] [Worker-Main-7/WARN] [GeckoLib/]: Unsupported geometry json version for model q2w:geo/shotgun.geo.json. Supported versions: 1.12.0
[13:59:14] [Worker-Main-2/WARN] [GeckoLib/]: Unsupported geometry json version for model q2w:geo/grenadelauncher.geo.json. Supported versions: 1.12.0
[13:59:14] [Worker-Main-5/WARN] [GeckoLib/]: Unsupported geometry json version for model q2w:geo/super_shotgun.geo.json. Supported versions: 1.12.0
[13:59:14] [Worker-Main-2/INFO] [minecraft/UnihexProvider]: Found unifont_all_no_pua-15.1.05.hex, loading
[13:59:15] [Worker-Main-5/INFO] [minecraft/UnihexProvider]: Found unifont_jp_patch-15.1.05.hex, loading
[13:59:15] [Worker-Main-6/ERROR] [minecraft/ModelManager]: Failed to load model q2w:models/item/grenade.json
com.google.gson.JsonParseException: Model loader 'forge:separate_transforms' not found. Registered loaders: neoforge:separate_transforms, neoforge:empty, neoforge:elements, neoforge:obj, neoforge:fluid_container, neoforge:composite, neoforge:item_layers
	at TRANSFORMER/neoforge@21.1.252/net.neoforged.neoforge.client.model.ExtendedBlockModelDeserializer.deserializeGeometry(ExtendedBlockModelDeserializer.java:102) ~[neoforge-21.1.252.jar%23190!/:?] {re:classloading}
	at TRANSFORMER/neoforge@21.1.252/net.neoforged.neoforge.client.model.ExtendedBlockModelDeserializer.deserialize(ExtendedBlockModelDeserializer.java:53) ~[neoforge-21.1.252.jar%23190!/:?] {re:classloading}
	at TRANSFORMER/neoforge@21.1.252/net.neoforged.neoforge.client.model.ExtendedBlockModelDeserializer.deserialize(ExtendedBlockModelDeserializer.java:37) ~[neoforge-21.1.252.jar%23190!/:?] {re:classloading}
	at MC-BOOTSTRAP/com.google.gson@2.10.1/com.google.gson.internal.bind.TreeTypeAdapter.read(TreeTypeAdapter.java:76) ~[gson-2.10.1.jar%23110!/:?] {}
	at TRANSFORMER/minecraft@1.21.1/net.minecraft.util.GsonHelper.fromNullableJson(GsonHelper.java:432) ~[neoforge-21.1.252.jar%23189!/:?] {re:classloading}
	at TRANSFORMER/minecraft@1.21.1/net.minecraft.util.GsonHelper.fromJson(GsonHelper.java:439) ~[neoforge-21.1.252.jar%23189!/:?] {re:classloading}
	at TRANSFORMER/minecraft@1.21.1/net.minecraft.util.GsonHelper.fromJson(GsonHelper.java:491) ~[neoforge-21.1.252.jar%23189!/:?] {re:classloading}
	at TRANSFORMER/minecraft@1.21.1/net.minecraft.client.renderer.block.model.BlockModel.fromStream(BlockModel.java:83) ~[neoforge-21.1.252.jar%23189!/:?] {re:classloading,pl:accesstransformer:B,pl:runtimedistcleaner:A}
	at TRANSFORMER/minecraft@1.21.1/net.minecraft.client.resources.model.ModelManager.lambda$loadBlockModels$8(ModelManager.java:144) ~[neoforge-21.1.252.jar%23189!/:?] {re:classloading,pl:runtimedistcleaner:A}
	at java.base/java.util.concurrent.CompletableFuture$AsyncSupply.run(CompletableFuture.java:1768) [?:?] {}
	at java.base/java.util.concurrent.CompletableFuture$AsyncSupply.exec(CompletableFuture.java:1760) [?:?] {}
	at java.base/java.util.concurrent.ForkJoinTask.doExec(ForkJoinTask.java:387) [?:?] {}
	at java.base/java.util.concurrent.ForkJoinPool$WorkQueue.topLevelExec(ForkJoinPool.java:1312) [?:?] {}
	at java.base/java.util.concurrent.ForkJoinPool.scan(ForkJoinPool.java:1843) [?:?] {}
	at java.base/java.util.concurrent.ForkJoinPool.runWorker(ForkJoinPool.java:1808) [?:?] {}
	at java.base/java.util.concurrent.ForkJoinWorkerThread.run(ForkJoinWorkerThread.java:188) [?:?] {}
[13:59:16] [Worker-Main-5/WARN] [minecraft/BlockStateModelLoader]: Exception loading blockstate definition: 'q2w:blockstates/light_water.json' missing model for variant: 'q2w:light_water#level=9,power=10'
[13:59:16] [Worker-Main-5/WARN] [minecraft/BlockStateModelLoader]: Exception loading blockstate definition: 'q2w:blockstates/light_water.json' missing model for variant: 'q2w:light_water#level=9,power=11'
[13:59:16] [Worker-Main-5/WARN] [minecraft/BlockStateModelLoader]: Exception loading blockstate definition: 'q2w:blockstates/light_water.json' missing model for variant: 'q2w:light_water#level=9,power=12'
[13:59:16] [Worker-Main-5/WARN] [minecraft/BlockStateModelLoader]: Exception loading blockstate definition: 'q2w:blockstates/light_water.json' missing model for variant: 'q2w:light_water#level=9,power=13'
[13:59:16] [Worker-Main-5/WARN] [minecraft/BlockStateModelLoader]: Exception loading blockstate definition: 'q2w:blockstates/light_water.json' missing model for variant: 'q2w:light_water#level=9,power=14'
[13:59:16] [Worker-Main-5/WARN] [minecraft/BlockStateModelLoader]: Exception loading blockstate definition: 'q2w:blockstates/light_water.json' missing model for variant: 'q2w:light_water#level=9,power=15'
[13:59:16] [Worker-Main-5/WARN] [minecraft/BlockStateModelLoader]: Exception loading blockstate definition: 'q2w:blockstates/light_water.json' missing model for variant: 'q2w:light_water#level=6,power=9'
[13:59:16] [Worker-Main-5/WARN] [minecraft/BlockStateModelLoader]: Exception loading blockstate definition: 'q2w:blockstates/light_water.json' missing model for variant: 'q2w:light_water#level=6,power=8'
[13:59:16] [Worker-Main-5/WARN] [minecraft/BlockStateModelLoader]: Exception loading blockstate definition: 'q2w:blockstates/light_water.json' missing model for variant: 'q2w:light_water#level=6,power=7'
[13:59:16] [Worker-Main-5/WARN] [minecraft/BlockStateModelLoader]: Exception loading blockstate definition: 'q2w:blockstates/light_water.json' missing model for variant: 'q2w:light_water#level=6,power=2'
[13:59:16] [Worker-Main-5/WARN] [minecraft/BlockStateModelLoader]: Exception loading blockstate definition: 'q2w:blockstates/light_water.json' missing model for variant: 'q2w:light_water#level=6,power=1'
[13:59:16] [Worker-Main-5/WARN] [minecraft/BlockStateModelLoader]: Exception loading blockstate definition: 'q2w:blockstates/light_water.json' missing model for variant: 'q2w:light_water#level=6,power=0'
[13:59:16] [Worker-Main-5/WARN] [minecraft/BlockStateModelLoader]: Exception loading blockstate definition: 'q2w:blockstates/light_water.json' missing model for variant: 'q2w:light_water#level=6,power=6'
[13:59:16] [Worker-Main-5/WARN] [minecraft/BlockStateModelLoader]: Exception loading blockstate definition: 'q2w:blockstates/light_water.json' missing model for variant: 'q2w:light_water#level=6,power=5'
[13:59:16] [Worker-Main-5/WARN] [minecraft/BlockStateModelLoader]: Exception loading blockstate definition: 'q2w:blockstates/light_water.json' missing model for variant: 'q2w:light_water#level=6,power=4'
[13:59:16] [Worker-Main-5/WARN] [minecraft/BlockStateModelLoader]: Exception loading blockstate definition: 'q2w:blockstates/light_water.json' missing model for variant: 'q2w:light_water#level=6,power=3'
[13:59:16] [Worker-Main-5/WARN] [minecraft/BlockStateModelLoader]: Exception loading blockstate definition: 'q2w:blockstates/light_water.json' missing model for variant: 'q2w:light_water#level=13,power=9'
[13:59:16] [Worker-Main-5/WARN] [minecraft/BlockStateModelLoader]: Exception loading blockstate definition: 'q2w:blockstates/light_water.json' missing model for variant: 'q2w:light_water#level=3,power=7'
[13:59:16] [Worker-Main-5/WARN] [minecraft/BlockStateModelLoader]: Exception loading blockstate definition: 'q2w:blockstates/light_water.json' missing model for variant: 'q2w:light_water#level=13,power=4'
[13:59:16] [Worker-Main-5/WARN] [minecraft/BlockStateModelLoader]: Exception loading blockstate definition: 'q2w:blockstates/light_water.json' missing model for variant: 'q2w:light_water#level=3,power=6'
[13:59:16] [Worker-Main-5/WARN] [minecraft/BlockStateModelLoader]: Exception loading blockstate definition: 'q2w:blockstates/light_water.json' missing model for variant: 'q2w:light_water#level=13,power=3'
[13:59:16] [Worker-Main-5/WARN] [minecraft/BlockStateModelLoader]: Exception loading blockstate definition: 'q2w:blockstates/light_water.json' missing model for variant: 'q2w:light_water#level=3,power=9'
[13:59:16] [Worker-Main-5/WARN] [minecraft/BlockStateModelLoader]: Exception loading blockstate definition: 'q2w:blockstates/light_water.json' missing model for variant: 'q2w:light_water#level=13,power=2'
[13:59:16] [Worker-Main-5/WARN] [minecraft/BlockStateModelLoader]: Exception loading blockstate definition: 'q2w:blockstates/light_water.json' missing model for variant: 'q2w:light_water#level=3,power=8'
[13:59:16] [Worker-Main-5/WARN] [minecraft/BlockStateModelLoader]: Exception loading blockstate definition: 'q2w:blockstates/light_water.json' missing model for variant: 'q2w:light_water#level=13,power=1'
[13:59:16] [Worker-Main-5/WARN] [minecraft/BlockStateModelLoader]: Exception loading blockstate definition: 'q2w:blockstates/light_water.json' missing model for variant: 'q2w:light_water#level=3,power=3'
[13:59:16] [Worker-Main-5/WARN] [minecraft/BlockStateModelLoader]: Exception loading blockstate definition: 'q2w:blockstates/light_water.json' missing model for variant: 'q2w:light_water#level=13,power=8'
[13:59:16] [Worker-Main-5/WARN] [minecraft/BlockStateModelLoader]: Exception loading blockstate definition: 'q2w:blockstates/light_water.json' missing model for variant: 'q2w:light_water#level=3,power=2'
[13:59:16] [Worker-Main-5/WARN] [minecraft/BlockStateModelLoader]: Exception loading blockstate definition: 'q2w:blockstates/light_water.json' missing model for variant: 'q2w:light_water#level=13,power=7'
[13:59:16] [Worker-Main-5/WARN] [minecraft/BlockStateModelLoader]: Exception loading blockstate definition: 'q2w:blockstates/light_water.json' missing model for variant: 'q2w:light_water#level=3,power=5'
[13:59:16] [Worker-Main-5/WARN] [minecraft/BlockStateModelLoader]: Exception loading blockstate definition: 'q2w:blockstates/light_water.json' missing model for variant: 'q2w:light_water#level=13,power=6'
[13:59:16] [Worker-Main-5/WARN] [minecraft/BlockStateModelLoader]: Exception loading blockstate definition: 'q2w:blockstates/light_water.json' missing model for variant: 'q2w:light_water#level=3,power=4'
[13:59:16] [Worker-Main-5/WARN] [minecraft/BlockStateModelLoader]: Exception loading blockstate definition: 'q2w:blockstates/light_water.json' missing model for variant: 'q2w:light_water#level=13,power=5'
[13:59:16] [Worker-Main-5/WARN] [minecraft/BlockStateModelLoader]: Exception loading blockstate definition: 'q2w:blockstates/light_water.json' missing model for variant: 'q2w:light_water#level=3,power=1'
[13:59:16] [Worker-Main-5/WARN] [minecraft/BlockStateModelLoader]: Exception loading blockstate definition: 'q2w:blockstates/light_water.json' missing model for variant: 'q2w:light_water#level=3,power=0'
[13:59:16] [Worker-Main-5/WARN] [minecraft/BlockStateModelLoader]: Exception loading blockstate definition: 'q2w:blockstates/light_water.json' missing model for variant: 'q2w:light_water#level=13,power=0'
[13:59:16] [Worker-Main-5/WARN] [minecraft/BlockStateModelLoader]: Exception loading blockstate definition: 'q2w:blockstates/light_water.json' missing model for variant: 'q2w:light_water#level=14,power=15'
[13:59:16] [Worker-Main-5/WARN] [minecraft/BlockStateModelLoader]: Exception loading blockstate definition: 'q2w:blockstates/light_water.json' missing model for variant: 'q2w:light_water#level=14,power=11'
[13:59:16] [Worker-Main-5/WARN] [minecraft/BlockStateModelLoader]: Exception loading blockstate definition: 'q2w:blockstates/light_water.json' missing model for variant: 'q2w:light_water#level=14,power=12'
[13:59:16] [Worker-Main-5/WARN] [minecraft/BlockStateModelLoader]: Exception loading blockstate definition: 'q2w:blockstates/light_water.json' missing model for variant: 'q2w:light_water#level=14,power=13'
[13:59:16] [Worker-Main-5/WARN] [minecraft/BlockStateModelLoader]: Exception loading blockstate definition: 'q2w:blockstates/light_water.json' missing model for variant: 'q2w:light_water#level=14,power=14'
[13:59:16] [Worker-Main-5/WARN] [minecraft/BlockStateModelLoader]: Exception loading blockstate definition: 'q2w:blockstates/light_water.json' missing model for variant: 'q2w:light_water#level=2,power=14'
[13:59:16] [Worker-Main-5/WARN] [minecraft/BlockStateModelLoader]: Exception loading blockstate definition: 'q2w:blockstates/light_water.json' missing model for variant: 'q2w:light_water#level=2,power=15'
[13:59:16] [Worker-Main-5/WARN] [minecraft/BlockStateModelLoader]: Exception loading blockstate definition: 'q2w:blockstates/light_water.json' missing model for variant: 'q2w:light_water#level=2,power=12'
[13:59:16] [Worker-Main-5/WARN] [minecraft/BlockStateModelLoader]: Exception loading blockstate definition: 'q2w:blockstates/light_water.json' missing model for variant: 'q2w:light_water#level=2,power=13'
[13:59:16] [Worker-Main-5/WARN] [minecraft/BlockStateModelLoader]: Exception loading blockstate definition: 'q2w:blockstates/light_water.json' missing model for variant: 'q2w:light_water#level=2,power=10'
[13:59:16] [Worker-Main-5/WARN] [minecraft/BlockStateModelLoader]: Exception loading blockstate definition: 'q2w:blockstates/light_water.json' missing model for variant: 'q2w:light_water#level=2,power=11'
[13:59:16] [Worker-Main-5/WARN] [minecraft/BlockStateModelLoader]: Exception loading blockstate definition: 'q2w:blockstates/light_water.json' missing model for variant: 'q2w:light_water#level=14,power=10'
[13:59:16] [Worker-Main-5/WARN] [minecraft/BlockStateModelLoader]: Exception loading blockstate definition: 'q2w:blockstates/light_water.json' missing model for variant: 'q2w:light_water#level=0,power=5'
[13:59:16] [Worker-Main-5/WARN] [minecraft/BlockStateModelLoader]: Exception loading blockstate definition: 'q2w:blockstates/light_water.json' missing model for variant: 'q2w:light_water#level=4,power=11'
[13:59:16] [Worker-Main-5/WARN] [minecraft/BlockStateModelLoader]: Exception loading blockstate definition: 'q2w:blockstates/light_water.json' missing model for variant: 'q2w:light_water#level=10,power=2'
[13:59:16] [Worker-Main-5/WARN] [minecraft/BlockStateModelLoader]: Exception loading blockstate definition: 'q2w:blockstates/light_water.json' missing model for variant: 'q2w:light_water#level=0,power=6'
[13:59:16] [Worker-Main-5/WARN] [minecraft/BlockStateModelLoader]: Exception loading blockstate definition: 'q2w:blockstates/light_water.json' missing model for variant: 'q2w:light_water#level=4,power=10'
[13:59:16] [Worker-Main-5/WARN] [minecraft/BlockStateModelLoader]: Exception loading blockstate definition: 'q2w:blockstates/light_water.json' missing model for variant: 'q2w:light_water#level=10,power=3'
[13:59:16] [Worker-Main-5/WARN] [minecraft/BlockStateModelLoader]: Exception loading blockstate definition: 'q2w:blockstates/light_water.json' missing model for variant: 'q2w:light_water#level=0,power=7'
[13:59:16] [Worker-Main-5/WARN] [minecraft/BlockStateModelLoader]: Exception loading blockstate definition: 'q2w:blockstates/light_water.json' missing model for variant: 'q2w:light_water#level=4,power=13'
[13:59:16] [Worker-Main-5/WARN] [minecraft/BlockStateModelLoader]: Exception loading blockstate definition: 'q2w:blockstates/light_water.json' missing model for variant: 'q2w:light_water#level=10,power=0'
[13:59:16] [Worker-Main-5/WARN] [minecraft/BlockStateModelLoader]: Exception loading blockstate definition: 'q2w:blockstates/light_water.json' missing model for variant: 'q2w:light_water#level=0,power=8'
[13:59:16] [Worker-Main-5/WARN] [minecraft/BlockStateModelLoader]: Exception loading blockstate definition: 'q2w:blockstates/light_water.json' missing model for variant: 'q2w:light_water#level=4,power=12'
[13:59:16] [Worker-Main-5/WARN] [minecraft/BlockStateModelLoader]: Exception loading blockstate definition: 'q2w:blockstates/light_water.json' missing model for variant: 'q2w:light_water#level=10,power=1'
[13:59:16] [Worker-Main-5/WARN] [minecraft/BlockStateModelLoader]: Exception loading blockstate definition: 'q2w:blockstates/light_water.json' missing model for variant: 'q2w:light_water#level=0,power=9'
[13:59:16] [Worker-Main-5/WARN] [minecraft/BlockStateModelLoader]: Exception loading blockstate definition: 'q2w:blockstates/light_water.json' missing model for variant: 'q2w:light_water#level=4,power=15'
[13:59:16] [Worker-Main-5/WARN] [minecraft/BlockStateModelLoader]: Exception loading blockstate definition: 'q2w:blockstates/light_water.json' missing model for variant: 'q2w:light_water#level=4,power=14'
[13:59:16] [Worker-Main-5/WARN] [minecraft/BlockStateModelLoader]: Exception loading blockstate definition: 'q2w:blockstates/light_water.json' missing model for variant: 'q2w:light_water#level=10,power=8'
[13:59:16] [Worker-Main-5/WARN] [minecraft/BlockStateModelLoader]: Exception loading blockstate definition: 'q2w:blockstates/light_water.json' missing model for variant: 'q2w:light_water#level=0,power=0'
[13:59:16] [Worker-Main-5/WARN] [minecraft/BlockStateModelLoader]: Exception loading blockstate definition: 'q2w:blockstates/light_water.json' missing model for variant: 'q2w:light_water#level=10,power=9'
[13:59:16] [Worker-Main-5/WARN] [minecraft/BlockStateModelLoader]: Exception loading blockstate definition: 'q2w:blockstates/light_water.json' missing model for variant: 'q2w:light_water#level=0,power=1'
[13:59:16] [Worker-Main-5/WARN] [minecraft/BlockStateModelLoader]: Exception loading blockstate definition: 'q2w:blockstates/light_water.json' missing model for variant: 'q2w:light_water#level=10,power=6'
[13:59:16] [Worker-Main-5/WARN] [minecraft/BlockStateModelLoader]: Exception loading blockstate definition: 'q2w:blockstates/light_water.json' missing model for variant: 'q2w:light_water#level=0,power=2'
[13:59:16] [Worker-Main-5/WARN] [minecraft/BlockStateModelLoader]: Exception loading blockstate definition: 'q2w:blockstates/light_water.json' missing model for variant: 'q2w:light_water#level=10,power=7'
[13:59:16] [Worker-Main-5/WARN] [minecraft/BlockStateModelLoader]: Exception loading blockstate definition: 'q2w:blockstates/light_water.json' missing model for variant: 'q2w:light_water#level=0,power=3'
[13:59:16] [Worker-Main-5/WARN] [minecraft/BlockStateModelLoader]: Exception loading blockstate definition: 'q2w:blockstates/light_water.json' missing model for variant: 'q2w:light_water#level=10,power=4'
[13:59:16] [Worker-Main-5/WARN] [minecraft/BlockStateModelLoader]: Exception loading blockstate definition: 'q2w:blockstates/light_water.json' missing model for variant: 'q2w:light_water#level=0,power=4'
[13:59:16] [Worker-Main-5/WARN] [minecraft/BlockStateModelLoader]: Exception loading blockstate definition: 'q2w:blockstates/light_water.json' missing model for variant: 'q2w:light_water#level=10,power=5'
[13:59:16] [Worker-Main-5/WARN] [minecraft/BlockStateModelLoader]: Exception loading blockstate definition: 'q2w:blockstates/light_water.json' missing model for variant: 'q2w:light_water#level=8,power=1'
[13:59:16] [Worker-Main-5/WARN] [minecraft/BlockStateModelLoader]: Exception loading blockstate definition: 'q2w:blockstates/light_water.json' missing model for variant: 'q2w:light_water#level=8,power=2'
[13:59:16] [Worker-Main-5/WARN] [minecraft/BlockStateModelLoader]: Exception loading blockstate definition: 'q2w:blockstates/light_water.json' missing model for variant: 'q2w:light_water#level=8,power=3'
[13:59:16] [Worker-Main-5/WARN] [minecraft/BlockStateModelLoader]: Exception loading blockstate definition: 'q2w:blockstates/light_water.json' missing model for variant: 'q2w:light_water#level=8,power=4'
[13:59:16] [Worker-Main-5/WARN] [minecraft/BlockStateModelLoader]: Exception loading blockstate definition: 'q2w:blockstates/light_water.json' missing model for variant: 'q2w:light_water#level=8,power=0'
[13:59:16] [Worker-Main-5/WARN] [minecraft/BlockStateModelLoader]: Exception loading blockstate definition: 'q2w:blockstates/light_water.json' missing model for variant: 'q2w:light_water#level=8,power=9'
[13:59:16] [Worker-Main-5/WARN] [minecraft/BlockStateModelLoader]: Exception loading blockstate definition: 'q2w:blockstates/light_water.json' missing model for variant: 'q2w:light_water#level=8,power=5'
[13:59:16] [Worker-Main-5/WARN] [minecraft/BlockStateModelLoader]: Exception loading blockstate definition: 'q2w:blockstates/light_water.json' missing model for variant: 'q2w:light_water#level=8,power=6'
[13:59:16] [Worker-Main-5/WARN] [minecraft/BlockStateModelLoader]: Exception loading blockstate definition: 'q2w:blockstates/light_water.json' missing model for variant: 'q2w:light_water#level=8,power=7'
[13:59:16] [Worker-Main-5/WARN] [minecraft/BlockStateModelLoader]: Exception loading blockstate definition: 'q2w:blockstates/light_water.json' missing model for variant: 'q2w:light_water#level=8,power=8'
[13:59:16] [Worker-Main-5/WARN] [minecraft/BlockStateModelLoader]: Exception loading blockstate definition: 'q2w:blockstates/light_water.json' missing model for variant: 'q2w:light_water#level=12,power=11'
[13:59:16] [Worker-Main-5/WARN] [minecraft/BlockStateModelLoader]: Exception loading blockstate definition: 'q2w:blockstates/light_water.json' missing model for variant: 'q2w:light_water#level=12,power=12'
[13:59:16] [Worker-Main-5/WARN] [minecraft/BlockStateModelLoader]: Exception loading blockstate definition: 'q2w:blockstates/light_water.json' missing model for variant: 'q2w:light_water#level=12,power=10'
[13:59:16] [Worker-Main-5/WARN] [minecraft/BlockStateModelLoader]: Exception loading blockstate definition: 'q2w:blockstates/light_water.json' missing model for variant: 'q2w:light_water#level=12,power=15'
[13:59:16] [Worker-Main-5/WARN] [minecraft/BlockStateModelLoader]: Exception loading blockstate definition: 'q2w:blockstates/light_water.json' missing model for variant: 'q2w:light_water#level=12,power=13'
[13:59:16] [Worker-Main-5/WARN] [minecraft/BlockStateModelLoader]: Exception loading blockstate definition: 'q2w:blockstates/light_water.json' missing model for variant: 'q2w:light_water#level=12,power=14'
[13:59:16] [Worker-Main-5/WARN] [minecraft/BlockStateModelLoader]: Exception loading blockstate definition: 'q2w:blockstates/light_water.json' missing model for variant: 'q2w:light_water#level=1,power=11'
[13:59:16] [Worker-Main-5/WARN] [minecraft/BlockStateModelLoader]: Exception loading blockstate definition: 'q2w:blockstates/light_water.json' missing model for variant: 'q2w:light_water#level=1,power=12'
[13:59:16] [Worker-Main-5/WARN] [minecraft/BlockStateModelLoader]: Exception loading blockstate definition: 'q2w:blockstates/light_water.json' missing model for variant: 'q2w:light_water#level=1,power=13'
[13:59:16] [Worker-Main-5/WARN] [minecraft/BlockStateModelLoader]: Exception loading blockstate definition: 'q2w:blockstates/light_water.json' missing model for variant: 'q2w:light_water#level=1,power=14'
[13:59:16] [Worker-Main-5/WARN] [minecraft/BlockStateModelLoader]: Exception loading blockstate definition: 'q2w:blockstates/light_water.json' missing model for variant: 'q2w:light_water#level=1,power=10'
[13:59:16] [Worker-Main-5/WARN] [minecraft/BlockStateModelLoader]: Exception loading blockstate definition: 'q2w:blockstates/light_water.json' missing model for variant: 'q2w:light_water#level=1,power=15'
[13:59:16] [Worker-Main-5/WARN] [minecraft/BlockStateModelLoader]: Exception loading blockstate definition: 'q2w:blockstates/light_water.json' missing model for variant: 'q2w:light_water#level=8,power=14'
[13:59:16] [Worker-Main-5/WARN] [minecraft/BlockStateModelLoader]: Exception loading blockstate definition: 'q2w:blockstates/light_water.json' missing model for variant: 'q2w:light_water#level=8,power=15'
[13:59:16] [Worker-Main-5/WARN] [minecraft/BlockStateModelLoader]: Exception loading blockstate definition: 'q2w:blockstates/light_water.json' missing model for variant: 'q2w:light_water#level=5,power=13'
[13:59:16] [Worker-Main-5/WARN] [minecraft/BlockStateModelLoader]: Exception loading blockstate definition: 'q2w:blockstates/light_water.json' missing model for variant: 'q2w:light_water#level=5,power=14'
[13:59:16] [Worker-Main-5/WARN] [minecraft/BlockStateModelLoader]: Exception loading blockstate definition: 'q2w:blockstates/light_water.json' missing model for variant: 'q2w:light_water#level=5,power=11'
[13:59:16] [Worker-Main-5/WARN] [minecraft/BlockStateModelLoader]: Exception loading blockstate definition: 'q2w:blockstates/light_water.json' missing model for variant: 'q2w:light_water#level=11,power=10'
[13:59:16] [Worker-Main-5/WARN] [minecraft/BlockStateModelLoader]: Exception loading blockstate definition: 'q2w:blockstates/light_water.json' missing model for variant: 'q2w:light_water#level=5,power=12'
[13:59:16] [Worker-Main-5/WARN] [minecraft/BlockStateModelLoader]: Exception loading blockstate definition: 'q2w:blockstates/light_water.json' missing model for variant: 'q2w:light_water#level=11,power=11'
[13:59:16] [Worker-Main-5/WARN] [minecraft/BlockStateModelLoader]: Exception loading blockstate definition: 'q2w:blockstates/light_water.json' missing model for variant: 'q2w:light_water#level=11,power=12'
[13:59:16] [Worker-Main-5/WARN] [minecraft/BlockStateModelLoader]: Exception loading blockstate definition: 'q2w:blockstates/light_water.json' missing model for variant: 'q2w:light_water#level=11,power=13'
[13:59:16] [Worker-Main-5/WARN] [minecraft/BlockStateModelLoader]: Exception loading blockstate definition: 'q2w:blockstates/light_water.json' missing model for variant: 'q2w:light_water#level=5,power=15'
[13:59:16] [Worker-Main-5/WARN] [minecraft/BlockStateModelLoader]: Exception loading blockstate definition: 'q2w:blockstates/light_water.json' missing model for variant: 'q2w:light_water#level=11,power=14'
[13:59:16] [Worker-Main-5/WARN] [minecraft/BlockStateModelLoader]: Exception loading blockstate definition: 'q2w:blockstates/light_water.json' missing model for variant: 'q2w:light_water#level=11,power=15'
[13:59:16] [Worker-Main-5/WARN] [minecraft/BlockStateModelLoader]: Exception loading blockstate definition: 'q2w:blockstates/light_water.json' missing model for variant: 'q2w:light_water#level=5,power=6'
[13:59:16] [Worker-Main-5/WARN] [minecraft/BlockStateModelLoader]: Exception loading blockstate definition: 'q2w:blockstates/light_water.json' missing model for variant: 'q2w:light_water#level=15,power=3'
[13:59:16] [Worker-Main-5/WARN] [minecraft/BlockStateModelLoader]: Exception loading blockstate definition: 'q2w:blockstates/light_water.json' missing model for variant: 'q2w:light_water#level=5,power=7'
[13:59:16] [Worker-Main-5/WARN] [minecraft/BlockStateModelLoader]: Exception loading blockstate definition: 'q2w:blockstates/light_water.json' missing model for variant: 'q2w:light_water#level=15,power=4'
[13:59:16] [Worker-Main-5/WARN] [minecraft/BlockStateModelLoader]: Exception loading blockstate definition: 'q2w:blockstates/light_water.json' missing model for variant: 'q2w:light_water#level=5,power=4'
[13:59:16] [Worker-Main-5/WARN] [minecraft/BlockStateModelLoader]: Exception loading blockstate definition: 'q2w:blockstates/light_water.json' missing model for variant: 'q2w:light_water#level=15,power=5'
[13:59:16] [Worker-Main-5/WARN] [minecraft/BlockStateModelLoader]: Exception loading blockstate definition: 'q2w:blockstates/light_water.json' missing model for variant: 'q2w:light_water#level=5,power=5'
[13:59:16] [Worker-Main-5/WARN] [minecraft/BlockStateModelLoader]: Exception loading blockstate definition: 'q2w:blockstates/light_water.json' missing model for variant: 'q2w:light_water#level=15,power=6'
[13:59:16] [Worker-Main-5/WARN] [minecraft/BlockStateModelLoader]: Exception loading blockstate definition: 'q2w:blockstates/light_water.json' missing model for variant: 'q2w:light_water#level=5,power=2'
[13:59:16] [Worker-Main-5/WARN] [minecraft/BlockStateModelLoader]: Exception loading blockstate definition: 'q2w:blockstates/light_water.json' missing model for variant: 'q2w:light_water#level=5,power=3'
[13:59:16] [Worker-Main-5/WARN] [minecraft/BlockStateModelLoader]: Exception loading blockstate definition: 'q2w:blockstates/light_water.json' missing model for variant: 'q2w:light_water#level=5,power=10'
[13:59:16] [Worker-Main-5/WARN] [minecraft/BlockStateModelLoader]: Exception loading blockstate definition: 'q2w:blockstates/light_water.json' missing model for variant: 'q2w:light_water#level=15,power=0'
[13:59:16] [Worker-Main-5/WARN] [minecraft/BlockStateModelLoader]: Exception loading blockstate definition: 'q2w:blockstates/light_water.json' missing model for variant: 'q2w:light_water#level=5,power=0'
[13:59:16] [Worker-Main-5/WARN] [minecraft/BlockStateModelLoader]: Exception loading blockstate definition: 'q2w:blockstates/light_water.json' missing model for variant: 'q2w:light_water#level=15,power=1'
[13:59:16] [Worker-Main-5/WARN] [minecraft/BlockStateModelLoader]: Exception loading blockstate definition: 'q2w:blockstates/light_water.json' missing model for variant: 'q2w:light_water#level=5,power=1'
[13:59:16] [Worker-Main-5/WARN] [minecraft/BlockStateModelLoader]: Exception loading blockstate definition: 'q2w:blockstates/light_water.json' missing model for variant: 'q2w:light_water#level=15,power=2'
[13:59:16] [Worker-Main-5/WARN] [minecraft/BlockStateModelLoader]: Exception loading blockstate definition: 'q2w:blockstates/light_water.json' missing model for variant: 'q2w:light_water#level=8,power=12'
[13:59:16] [Worker-Main-5/WARN] [minecraft/BlockStateModelLoader]: Exception loading blockstate definition: 'q2w:blockstates/light_water.json' missing model for variant: 'q2w:light_water#level=8,power=13'
[13:59:16] [Worker-Main-5/WARN] [minecraft/BlockStateModelLoader]: Exception loading blockstate definition: 'q2w:blockstates/light_water.json' missing model for variant: 'q2w:light_water#level=8,power=10'
[13:59:16] [Worker-Main-5/WARN] [minecraft/BlockStateModelLoader]: Exception loading blockstate definition: 'q2w:blockstates/light_water.json' missing model for variant: 'q2w:light_water#level=8,power=11'
[13:59:16] [Worker-Main-5/WARN] [minecraft/BlockStateModelLoader]: Exception loading blockstate definition: 'q2w:blockstates/light_water.json' missing model for variant: 'q2w:light_water#level=15,power=7'
[13:59:16] [Worker-Main-5/WARN] [minecraft/BlockStateModelLoader]: Exception loading blockstate definition: 'q2w:blockstates/light_water.json' missing model for variant: 'q2w:light_water#level=15,power=8'
[13:59:16] [Worker-Main-5/WARN] [minecraft/BlockStateModelLoader]: Exception loading blockstate definition: 'q2w:blockstates/light_water.json' missing model for variant: 'q2w:light_water#level=5,power=8'
[13:59:16] [Worker-Main-5/WARN] [minecraft/BlockStateModelLoader]: Exception loading blockstate definition: 'q2w:blockstates/light_water.json' missing model for variant: 'q2w:light_water#level=15,power=9'
[13:59:16] [Worker-Main-5/WARN] [minecraft/BlockStateModelLoader]: Exception loading blockstate definition: 'q2w:blockstates/light_water.json' missing model for variant: 'q2w:light_water#level=5,power=9'
[13:59:16] [Worker-Main-5/WARN] [minecraft/BlockStateModelLoader]: Exception loading blockstate definition: 'q2w:blockstates/light_water.json' missing model for variant: 'q2w:light_water#level=12,power=9'
[13:59:16] [Worker-Main-5/WARN] [minecraft/BlockStateModelLoader]: Exception loading blockstate definition: 'q2w:blockstates/light_water.json' missing model for variant: 'q2w:light_water#level=12,power=8'
[13:59:16] [Worker-Main-5/WARN] [minecraft/BlockStateModelLoader]: Exception loading blockstate definition: 'q2w:blockstates/light_water.json' missing model for variant: 'q2w:light_water#level=12,power=7'
[13:59:16] [Worker-Main-5/WARN] [minecraft/BlockStateModelLoader]: Exception loading blockstate definition: 'q2w:blockstates/light_water.json' missing model for variant: 'q2w:light_water#level=12,power=6'
[13:59:16] [Worker-Main-5/WARN] [minecraft/BlockStateModelLoader]: Exception loading blockstate definition: 'q2w:blockstates/light_water.json' missing model for variant: 'q2w:light_water#level=12,power=5'
[13:59:16] [Worker-Main-5/WARN] [minecraft/BlockStateModelLoader]: Exception loading blockstate definition: 'q2w:blockstates/light_water.json' missing model for variant: 'q2w:light_water#level=12,power=4'
[13:59:16] [Worker-Main-5/WARN] [minecraft/BlockStateModelLoader]: Exception loading blockstate definition: 'q2w:blockstates/light_water.json' missing model for variant: 'q2w:light_water#level=12,power=3'
[13:59:16] [Worker-Main-5/WARN] [minecraft/BlockStateModelLoader]: Exception loading blockstate definition: 'q2w:blockstates/light_water.json' missing model for variant: 'q2w:light_water#level=12,power=2'
[13:59:16] [Worker-Main-5/WARN] [minecraft/BlockStateModelLoader]: Exception loading blockstate definition: 'q2w:blockstates/light_water.json' missing model for variant: 'q2w:light_water#level=2,power=4'
[13:59:16] [Worker-Main-5/WARN] [minecraft/BlockStateModelLoader]: Exception loading blockstate definition: 'q2w:blockstates/light_water.json' missing model for variant: 'q2w:light_water#level=2,power=3'
[13:59:16] [Worker-Main-5/WARN] [minecraft/BlockStateModelLoader]: Exception loading blockstate definition: 'q2w:blockstates/light_water.json' missing model for variant: 'q2w:light_water#level=2,power=6'
[13:59:16] [Worker-Main-5/WARN] [minecraft/BlockStateModelLoader]: Exception loading blockstate definition: 'q2w:blockstates/light_water.json' missing model for variant: 'q2w:light_water#level=2,power=5'
[13:59:16] [Worker-Main-5/WARN] [minecraft/BlockStateModelLoader]: Exception loading blockstate definition: 'q2w:blockstates/light_water.json' missing model for variant: 'q2w:light_water#level=2,power=8'
[13:59:16] [Worker-Main-5/WARN] [minecraft/BlockStateModelLoader]: Exception loading blockstate definition: 'q2w:blockstates/light_water.json' missing model for variant: 'q2w:light_water#level=2,power=7'
[13:59:16] [Worker-Main-5/WARN] [minecraft/BlockStateModelLoader]: Exception loading blockstate definition: 'q2w:blockstates/light_water.json' missing model for variant: 'q2w:light_water#level=2,power=9'
[13:59:16] [Worker-Main-5/WARN] [minecraft/BlockStateModelLoader]: Exception loading blockstate definition: 'q2w:blockstates/light_water.json' missing model for variant: 'q2w:light_water#level=2,power=0'
[13:59:16] [Worker-Main-5/WARN] [minecraft/BlockStateModelLoader]: Exception loading blockstate definition: 'q2w:blockstates/light_water.json' missing model for variant: 'q2w:light_water#level=2,power=2'
[13:59:16] [Worker-Main-5/WARN] [minecraft/BlockStateModelLoader]: Exception loading blockstate definition: 'q2w:blockstates/light_water.json' missing model for variant: 'q2w:light_water#level=2,power=1'
[13:59:16] [Worker-Main-5/WARN] [minecraft/BlockStateModelLoader]: Exception loading blockstate definition: 'q2w:blockstates/light_water.json' missing model for variant: 'q2w:light_water#level=12,power=1'
[13:59:16] [Worker-Main-5/WARN] [minecraft/BlockStateModelLoader]: Exception loading blockstate definition: 'q2w:blockstates/light_water.json' missing model for variant: 'q2w:light_water#level=12,power=0'
[13:59:16] [Worker-Main-5/WARN] [minecraft/BlockStateModelLoader]: Exception loading blockstate definition: 'q2w:blockstates/light_water.json' missing model for variant: 'q2w:light_water#level=3,power=15'
[13:59:16] [Worker-Main-5/WARN] [minecraft/BlockStateModelLoader]: Exception loading blockstate definition: 'q2w:blockstates/light_water.json' missing model for variant: 'q2w:light_water#level=3,power=14'
[13:59:16] [Worker-Main-5/WARN] [minecraft/BlockStateModelLoader]: Exception loading blockstate definition: 'q2w:blockstates/light_water.json' missing model for variant: 'q2w:light_water#level=3,power=13'
[13:59:16] [Worker-Main-5/WARN] [minecraft/BlockStateModelLoader]: Exception loading blockstate definition: 'q2w:blockstates/light_water.json' missing model for variant: 'q2w:light_water#level=3,power=12'
[13:59:16] [Worker-Main-5/WARN] [minecraft/BlockStateModelLoader]: Exception loading blockstate definition: 'q2w:blockstates/light_water.json' missing model for variant: 'q2w:light_water#level=3,power=11'
[13:59:16] [Worker-Main-5/WARN] [minecraft/BlockStateModelLoader]: Exception loading blockstate definition: 'q2w:blockstates/light_water.json' missing model for variant: 'q2w:light_water#level=3,power=10'
[13:59:16] [Worker-Main-5/WARN] [minecraft/BlockStateModelLoader]: Exception loading blockstate definition: 'q2w:blockstates/light_water.json' missing model for variant: 'q2w:light_water#level=15,power=14'
[13:59:16] [Worker-Main-5/WARN] [minecraft/BlockStateModelLoader]: Exception loading blockstate definition: 'q2w:blockstates/light_water.json' missing model for variant: 'q2w:light_water#level=15,power=15'
[13:59:16] [Worker-Main-5/WARN] [minecraft/BlockStateModelLoader]: Exception loading blockstate definition: 'q2w:blockstates/light_water.json' missing model for variant: 'q2w:light_water#level=15,power=12'
[13:59:16] [Worker-Main-5/WARN] [minecraft/BlockStateModelLoader]: Exception loading blockstate definition: 'q2w:blockstates/light_water.json' missing model for variant: 'q2w:light_water#level=15,power=13'
[13:59:16] [Worker-Main-5/WARN] [minecraft/BlockStateModelLoader]: Exception loading blockstate definition: 'q2w:blockstates/light_water.json' missing model for variant: 'q2w:light_water#level=15,power=10'
[13:59:16] [Worker-Main-5/WARN] [minecraft/BlockStateModelLoader]: Exception loading blockstate definition: 'q2w:blockstates/light_water.json' missing model for variant: 'q2w:light_water#level=15,power=11'
[13:59:16] [Worker-Main-5/WARN] [minecraft/BlockStateModelLoader]: Exception loading blockstate definition: 'q2w:blockstates/light_water.json' missing model for variant: 'q2w:light_water#level=10,power=15'
[13:59:16] [Worker-Main-5/WARN] [minecraft/BlockStateModelLoader]: Exception loading blockstate definition: 'q2w:blockstates/light_water.json' missing model for variant: 'q2w:light_water#level=10,power=14'
[13:59:16] [Worker-Main-5/WARN] [minecraft/BlockStateModelLoader]: Exception loading blockstate definition: 'q2w:blockstates/light_water.json' missing model for variant: 'q2w:light_water#level=10,power=13'
[13:59:16] [Worker-Main-5/WARN] [minecraft/BlockStateModelLoader]: Exception loading blockstate definition: 'q2w:blockstates/light_water.json' missing model for variant: 'q2w:light_water#level=10,power=12'
[13:59:16] [Worker-Main-5/WARN] [minecraft/BlockStateModelLoader]: Exception loading blockstate definition: 'q2w:blockstates/light_water.json' missing model for variant: 'q2w:light_water#level=10,power=11'
[13:59:16] [Worker-Main-5/WARN] [minecraft/BlockStateModelLoader]: Exception loading blockstate definition: 'q2w:blockstates/light_water.json' missing model for variant: 'q2w:light_water#level=10,power=10'
[13:59:16] [Worker-Main-5/WARN] [minecraft/BlockStateModelLoader]: Exception loading blockstate definition: 'q2w:blockstates/light_water.json' missing model for variant: 'q2w:light_water#level=7,power=9'
[13:59:16] [Worker-Main-5/WARN] [minecraft/BlockStateModelLoader]: Exception loading blockstate definition: 'q2w:blockstates/light_water.json' missing model for variant: 'q2w:light_water#level=7,power=8'
[13:59:16] [Worker-Main-5/WARN] [minecraft/BlockStateModelLoader]: Exception loading blockstate definition: 'q2w:blockstates/light_water.json' missing model for variant: 'q2w:light_water#level=7,power=7'
[13:59:16] [Worker-Main-5/WARN] [minecraft/BlockStateModelLoader]: Exception loading blockstate definition: 'q2w:blockstates/light_water.json' missing model for variant: 'q2w:light_water#level=7,power=6'
[13:59:16] [Worker-Main-5/WARN] [minecraft/BlockStateModelLoader]: Exception loading blockstate definition: 'q2w:blockstates/light_water.json' missing model for variant: 'q2w:light_water#level=7,power=5'
[13:59:16] [Worker-Main-5/WARN] [minecraft/BlockStateModelLoader]: Exception loading blockstate definition: 'q2w:blockstates/light_water.json' missing model for variant: 'q2w:light_water#level=7,power=4'
[13:59:16] [Worker-Main-5/WARN] [minecraft/BlockStateModelLoader]: Exception loading blockstate definition: 'q2w:blockstates/light_water.json' missing model for variant: 'q2w:light_water#level=7,power=3'
[13:59:16] [Worker-Main-5/WARN] [minecraft/BlockStateModelLoader]: Exception loading blockstate definition: 'q2w:blockstates/light_water.json' missing model for variant: 'q2w:light_water#level=7,power=2'
[13:59:16] [Worker-Main-5/WARN] [minecraft/BlockStateModelLoader]: Exception loading blockstate definition: 'q2w:blockstates/light_water.json' missing model for variant: 'q2w:light_water#level=7,power=1'
[13:59:16] [Worker-Main-5/WARN] [minecraft/BlockStateModelLoader]: Exception loading blockstate definition: 'q2w:blockstates/light_water.json' missing model for variant: 'q2w:light_water#level=7,power=0'
[13:59:16] [Worker-Main-5/WARN] [minecraft/BlockStateModelLoader]: Exception loading blockstate definition: 'q2w:blockstates/light_water.json' missing model for variant: 'q2w:light_water#level=6,power=10'
[13:59:16] [Worker-Main-5/WARN] [minecraft/BlockStateModelLoader]: Exception loading blockstate definition: 'q2w:blockstates/light_water.json' missing model for variant: 'q2w:light_water#level=6,power=11'
[13:59:16] [Worker-Main-5/WARN] [minecraft/BlockStateModelLoader]: Exception loading blockstate definition: 'q2w:blockstates/light_water.json' missing model for variant: 'q2w:light_water#level=4,power=0'
[13:59:16] [Worker-Main-5/WARN] [minecraft/BlockStateModelLoader]: Exception loading blockstate definition: 'q2w:blockstates/light_water.json' missing model for variant: 'q2w:light_water#level=4,power=3'
[13:59:16] [Worker-Main-5/WARN] [minecraft/BlockStateModelLoader]: Exception loading blockstate definition: 'q2w:blockstates/light_water.json' missing model for variant: 'q2w:light_water#level=14,power=0'
[13:59:16] [Worker-Main-5/WARN] [minecraft/BlockStateModelLoader]: Exception loading blockstate definition: 'q2w:blockstates/light_water.json' missing model for variant: 'q2w:light_water#level=4,power=4'
[13:59:16] [Worker-Main-5/WARN] [minecraft/BlockStateModelLoader]: Exception loading blockstate definition: 'q2w:blockstates/light_water.json' missing model for variant: 'q2w:light_water#level=14,power=1'
[13:59:16] [Worker-Main-5/WARN] [minecraft/BlockStateModelLoader]: Exception loading blockstate definition: 'q2w:blockstates/light_water.json' missing model for variant: 'q2w:light_water#level=0,power=15'
[13:59:16] [Worker-Main-5/WARN] [minecraft/BlockStateModelLoader]: Exception loading blockstate definition: 'q2w:blockstates/light_water.json' missing model for variant: 'q2w:light_water#level=4,power=1'
[13:59:16] [Worker-Main-5/WARN] [minecraft/BlockStateModelLoader]: Exception loading blockstate definition: 'q2w:blockstates/light_water.json' missing model for variant: 'q2w:light_water#level=14,power=2'
[13:59:16] [Worker-Main-5/WARN] [minecraft/BlockStateModelLoader]: Exception loading blockstate definition: 'q2w:blockstates/light_water.json' missing model for variant: 'q2w:light_water#level=0,power=14'
[13:59:16] [Worker-Main-5/WARN] [minecraft/BlockStateModelLoader]: Exception loading blockstate definition: 'q2w:blockstates/light_water.json' missing model for variant: 'q2w:light_water#level=4,power=2'
[13:59:16] [Worker-Main-5/WARN] [minecraft/BlockStateModelLoader]: Exception loading blockstate definition: 'q2w:blockstates/light_water.json' missing model for variant: 'q2w:light_water#level=14,power=3'
[13:59:16] [Worker-Main-5/WARN] [minecraft/BlockStateModelLoader]: Exception loading blockstate definition: 'q2w:blockstates/light_water.json' missing model for variant: 'q2w:light_water#level=4,power=7'
[13:59:16] [Worker-Main-5/WARN] [minecraft/BlockStateModelLoader]: Exception loading blockstate definition: 'q2w:blockstates/light_water.json' missing model for variant: 'q2w:light_water#level=6,power=12'
[13:59:16] [Worker-Main-5/WARN] [minecraft/BlockStateModelLoader]: Exception loading blockstate definition: 'q2w:blockstates/light_water.json' missing model for variant: 'q2w:light_water#level=14,power=4'
[13:59:16] [Worker-Main-5/WARN] [minecraft/BlockStateModelLoader]: Exception loading blockstate definition: 'q2w:blockstates/light_water.json' missing model for variant: 'q2w:light_water#level=4,power=8'
[13:59:16] [Worker-Main-5/WARN] [minecraft/BlockStateModelLoader]: Exception loading blockstate definition: 'q2w:blockstates/light_water.json' missing model for variant: 'q2w:light_water#level=6,power=13'
[13:59:16] [Worker-Main-5/WARN] [minecraft/BlockStateModelLoader]: Exception loading blockstate definition: 'q2w:blockstates/light_water.json' missing model for variant: 'q2w:light_water#level=14,power=5'
[13:59:16] [Worker-Main-5/WARN] [minecraft/BlockStateModelLoader]: Exception loading blockstate definition: 'q2w:blockstates/light_water.json' missing model for variant: 'q2w:light_water#level=4,power=5'
[13:59:16] [Worker-Main-5/WARN] [minecraft/BlockStateModelLoader]: Exception loading blockstate definition: 'q2w:blockstates/light_water.json' missing model for variant: 'q2w:light_water#level=6,power=14'
[13:59:16] [Worker-Main-5/WARN] [minecraft/BlockStateModelLoader]: Exception loading blockstate definition: 'q2w:blockstates/light_water.json' missing model for variant: 'q2w:light_water#level=14,power=6'
[13:59:16] [Worker-Main-5/WARN] [minecraft/BlockStateModelLoader]: Exception loading blockstate definition: 'q2w:blockstates/light_water.json' missing model for variant: 'q2w:light_water#level=4,power=6'
[13:59:16] [Worker-Main-5/WARN] [minecraft/BlockStateModelLoader]: Exception loading blockstate definition: 'q2w:blockstates/light_water.json' missing model for variant: 'q2w:light_water#level=6,power=15'
[13:59:16] [Worker-Main-5/WARN] [minecraft/BlockStateModelLoader]: Exception loading blockstate definition: 'q2w:blockstates/light_water.json' missing model for variant: 'q2w:light_water#level=14,power=7'
[13:59:16] [Worker-Main-5/WARN] [minecraft/BlockStateModelLoader]: Exception loading blockstate definition: 'q2w:blockstates/light_water.json' missing model for variant: 'q2w:light_water#level=14,power=8'
[13:59:16] [Worker-Main-5/WARN] [minecraft/BlockStateModelLoader]: Exception loading blockstate definition: 'q2w:blockstates/light_water.json' missing model for variant: 'q2w:light_water#level=14,power=9'
[13:59:16] [Worker-Main-5/WARN] [minecraft/BlockStateModelLoader]: Exception loading blockstate definition: 'q2w:blockstates/light_water.json' missing model for variant: 'q2w:light_water#level=4,power=9'
[13:59:16] [Worker-Main-5/WARN] [minecraft/BlockStateModelLoader]: Exception loading blockstate definition: 'q2w:blockstates/light_water.json' missing model for variant: 'q2w:light_water#level=0,power=13'
[13:59:16] [Worker-Main-5/WARN] [minecraft/BlockStateModelLoader]: Exception loading blockstate definition: 'q2w:blockstates/light_water.json' missing model for variant: 'q2w:light_water#level=0,power=12'
[13:59:16] [Worker-Main-5/WARN] [minecraft/BlockStateModelLoader]: Exception loading blockstate definition: 'q2w:blockstates/light_water.json' missing model for variant: 'q2w:light_water#level=0,power=11'
[13:59:16] [Worker-Main-5/WARN] [minecraft/BlockStateModelLoader]: Exception loading blockstate definition: 'q2w:blockstates/light_water.json' missing model for variant: 'q2w:light_water#level=0,power=10'
[13:59:16] [Worker-Main-5/WARN] [minecraft/BlockStateModelLoader]: Exception loading blockstate definition: 'q2w:blockstates/light_water.json' missing model for variant: 'q2w:light_water#level=1,power=9'
[13:59:16] [Worker-Main-5/WARN] [minecraft/BlockStateModelLoader]: Exception loading blockstate definition: 'q2w:blockstates/light_water.json' missing model for variant: 'q2w:light_water#level=7,power=10'
[13:59:16] [Worker-Main-5/WARN] [minecraft/BlockStateModelLoader]: Exception loading blockstate definition: 'q2w:blockstates/light_water.json' missing model for variant: 'q2w:light_water#level=11,power=6'
[13:59:16] [Worker-Main-5/WARN] [minecraft/BlockStateModelLoader]: Exception loading blockstate definition: 'q2w:blockstates/light_water.json' missing model for variant: 'q2w:light_water#level=1,power=8'
[13:59:16] [Worker-Main-5/WARN] [minecraft/BlockStateModelLoader]: Exception loading blockstate definition: 'q2w:blockstates/light_water.json' missing model for variant: 'q2w:light_water#level=11,power=5'
[13:59:16] [Worker-Main-5/WARN] [minecraft/BlockStateModelLoader]: Exception loading blockstate definition: 'q2w:blockstates/light_water.json' missing model for variant: 'q2w:light_water#level=7,power=12'
[13:59:16] [Worker-Main-5/WARN] [minecraft/BlockStateModelLoader]: Exception loading blockstate definition: 'q2w:blockstates/light_water.json' missing model for variant: 'q2w:light_water#level=11,power=4'
[13:59:16] [Worker-Main-5/WARN] [minecraft/BlockStateModelLoader]: Exception loading blockstate definition: 'q2w:blockstates/light_water.json' missing model for variant: 'q2w:light_water#level=7,power=11'
[13:59:16] [Worker-Main-5/WARN] [minecraft/BlockStateModelLoader]: Exception loading blockstate definition: 'q2w:blockstates/light_water.json' missing model for variant: 'q2w:light_water#level=11,power=3'
[13:59:16] [Worker-Main-5/WARN] [minecraft/BlockStateModelLoader]: Exception loading blockstate definition: 'q2w:blockstates/light_water.json' missing model for variant: 'q2w:light_water#level=1,power=5'
[13:59:16] [Worker-Main-5/WARN] [minecraft/BlockStateModelLoader]: Exception loading blockstate definition: 'q2w:blockstates/light_water.json' missing model for variant: 'q2w:light_water#level=1,power=4'
[13:59:16] [Worker-Main-5/WARN] [minecraft/BlockStateModelLoader]: Exception loading blockstate definition: 'q2w:blockstates/light_water.json' missing model for variant: 'q2w:light_water#level=11,power=9'
[13:59:16] [Worker-Main-5/WARN] [minecraft/BlockStateModelLoader]: Exception loading blockstate definition: 'q2w:blockstates/light_water.json' missing model for variant: 'q2w:light_water#level=1,power=7'
[13:59:16] [Worker-Main-5/WARN] [minecraft/BlockStateModelLoader]: Exception loading blockstate definition: 'q2w:blockstates/light_water.json' missing model for variant: 'q2w:light_water#level=11,power=8'
[13:59:16] [Worker-Main-5/WARN] [minecraft/BlockStateModelLoader]: Exception loading blockstate definition: 'q2w:blockstates/light_water.json' missing model for variant: 'q2w:light_water#level=1,power=6'
[13:59:16] [Worker-Main-5/WARN] [minecraft/BlockStateModelLoader]: Exception loading blockstate definition: 'q2w:blockstates/light_water.json' missing model for variant: 'q2w:light_water#level=11,power=7'
[13:59:16] [Worker-Main-5/WARN] [minecraft/BlockStateModelLoader]: Exception loading blockstate definition: 'q2w:blockstates/light_water.json' missing model for variant: 'q2w:light_water#level=1,power=1'
[13:59:16] [Worker-Main-5/WARN] [minecraft/BlockStateModelLoader]: Exception loading blockstate definition: 'q2w:blockstates/light_water.json' missing model for variant: 'q2w:light_water#level=1,power=0'
[13:59:16] [Worker-Main-5/WARN] [minecraft/BlockStateModelLoader]: Exception loading blockstate definition: 'q2w:blockstates/light_water.json' missing model for variant: 'q2w:light_water#level=1,power=3'
[13:59:16] [Worker-Main-5/WARN] [minecraft/BlockStateModelLoader]: Exception loading blockstate definition: 'q2w:blockstates/light_water.json' missing model for variant: 'q2w:light_water#level=1,power=2'
[13:59:16] [Worker-Main-5/WARN] [minecraft/BlockStateModelLoader]: Exception loading blockstate definition: 'q2w:blockstates/light_water.json' missing model for variant: 'q2w:light_water#level=7,power=14'
[13:59:16] [Worker-Main-5/WARN] [minecraft/BlockStateModelLoader]: Exception loading blockstate definition: 'q2w:blockstates/light_water.json' missing model for variant: 'q2w:light_water#level=11,power=2'
[13:59:16] [Worker-Main-5/WARN] [minecraft/BlockStateModelLoader]: Exception loading blockstate definition: 'q2w:blockstates/light_water.json' missing model for variant: 'q2w:light_water#level=7,power=13'
[13:59:16] [Worker-Main-5/WARN] [minecraft/BlockStateModelLoader]: Exception loading blockstate definition: 'q2w:blockstates/light_water.json' missing model for variant: 'q2w:light_water#level=11,power=1'
[13:59:16] [Worker-Main-5/WARN] [minecraft/BlockStateModelLoader]: Exception loading blockstate definition: 'q2w:blockstates/light_water.json' missing model for variant: 'q2w:light_water#level=11,power=0'
[13:59:16] [Worker-Main-5/WARN] [minecraft/BlockStateModelLoader]: Exception loading blockstate definition: 'q2w:blockstates/light_water.json' missing model for variant: 'q2w:light_water#level=7,power=15'
[13:59:16] [Worker-Main-5/WARN] [minecraft/BlockStateModelLoader]: Exception loading blockstate definition: 'q2w:blockstates/light_water.json' missing model for variant: 'q2w:light_water#level=9,power=4'
[13:59:16] [Worker-Main-5/WARN] [minecraft/BlockStateModelLoader]: Exception loading blockstate definition: 'q2w:blockstates/light_water.json' missing model for variant: 'q2w:light_water#level=9,power=5'
[13:59:16] [Worker-Main-5/WARN] [minecraft/BlockStateModelLoader]: Exception loading blockstate definition: 'q2w:blockstates/light_water.json' missing model for variant: 'q2w:light_water#level=9,power=6'
[13:59:16] [Worker-Main-5/WARN] [minecraft/BlockStateModelLoader]: Exception loading blockstate definition: 'q2w:blockstates/light_water.json' missing model for variant: 'q2w:light_water#level=9,power=7'
[13:59:16] [Worker-Main-5/WARN] [minecraft/BlockStateModelLoader]: Exception loading blockstate definition: 'q2w:blockstates/light_water.json' missing model for variant: 'q2w:light_water#level=9,power=8'
[13:59:16] [Worker-Main-5/WARN] [minecraft/BlockStateModelLoader]: Exception loading blockstate definition: 'q2w:blockstates/light_water.json' missing model for variant: 'q2w:light_water#level=9,power=9'
[13:59:16] [Worker-Main-5/WARN] [minecraft/BlockStateModelLoader]: Exception loading blockstate definition: 'q2w:blockstates/light_water.json' missing model for variant: 'q2w:light_water#level=9,power=0'
[13:59:16] [Worker-Main-5/WARN] [minecraft/BlockStateModelLoader]: Exception loading blockstate definition: 'q2w:blockstates/light_water.json' missing model for variant: 'q2w:light_water#level=9,power=1'
[13:59:16] [Worker-Main-5/WARN] [minecraft/BlockStateModelLoader]: Exception loading blockstate definition: 'q2w:blockstates/light_water.json' missing model for variant: 'q2w:light_water#level=9,power=2'
[13:59:16] [Worker-Main-5/WARN] [minecraft/BlockStateModelLoader]: Exception loading blockstate definition: 'q2w:blockstates/light_water.json' missing model for variant: 'q2w:light_water#level=9,power=3'
[13:59:16] [Worker-Main-5/WARN] [minecraft/BlockStateModelLoader]: Exception loading blockstate definition: 'q2w:blockstates/light_water.json' missing model for variant: 'q2w:light_water#level=13,power=13'
[13:59:16] [Worker-Main-5/WARN] [minecraft/BlockStateModelLoader]: Exception loading blockstate definition: 'q2w:blockstates/light_water.json' missing model for variant: 'q2w:light_water#level=13,power=12'
[13:59:16] [Worker-Main-5/WARN] [minecraft/BlockStateModelLoader]: Exception loading blockstate definition: 'q2w:blockstates/light_water.json' missing model for variant: 'q2w:light_water#level=13,power=11'
[13:59:16] [Worker-Main-5/WARN] [minecraft/BlockStateModelLoader]: Exception loading blockstate definition: 'q2w:blockstates/light_water.json' missing model for variant: 'q2w:light_water#level=13,power=10'
[13:59:16] [Worker-Main-5/WARN] [minecraft/BlockStateModelLoader]: Exception loading blockstate definition: 'q2w:blockstates/light_water.json' missing model for variant: 'q2w:light_water#level=13,power=15'
[13:59:16] [Worker-Main-5/WARN] [minecraft/BlockStateModelLoader]: Exception loading blockstate definition: 'q2w:blockstates/light_water.json' missing model for variant: 'q2w:light_water#level=13,power=14'
[13:59:16] [Worker-Main-5/WARN] [minecraft/BlockStateModelLoader]: Exception loading blockstate definition: 'q2w:blockstates/quake_light_air.json' missing model for variant: 'q2w:quake_light_air#'
[13:59:16] [Worker-Main-5/WARN] [minecraft/ModelBakery]: Unable to load model: 'q2w:item/grenade' referenced from: q2w:item/grenade: java.io.FileNotFoundException: q2w:models/item/grenade.json
[13:59:17] [Render thread/ERROR] [minecraft/SoundManager]: Missing subtitle translation{key='sounds.q2w.bullet_hit', args=[]} for sound event: q2w:bullet_hit
[13:59:17] [Render thread/ERROR] [minecraft/SoundManager]: Missing subtitle translation{key='sounds.q2w.rocket_loop', args=[]} for sound event: q2w:rocket_loop
[13:59:17] [Render thread/ERROR] [minecraft/SoundManager]: Missing subtitle translation{key='sounds.q2w.blaster_hit', args=[]} for sound event: q2w:blaster_hit
[13:59:17] [Render thread/ERROR] [minecraft/SoundManager]: Missing subtitle translation{key='sounds.q2w.bfg10k_hum', args=[]} for sound event: q2w:bfg10k_hum
[13:59:17] [Render thread/ERROR] [minecraft/SoundManager]: Missing subtitle translation{key='sounds.q2w.handgrenade_start', args=[]} for sound event: q2w:handgrenade_start
[13:59:17] [Render thread/ERROR] [minecraft/SoundManager]: Missing subtitle translation{key='sounds.q2w.envirosuit_pickup', args=[]} for sound event: q2w:envirosuit_pickup
[13:59:17] [Render thread/ERROR] [minecraft/SoundManager]: Missing subtitle translation{key='sounds.q2w.invuln_use', args=[]} for sound event: q2w:invuln_use
[13:59:17] [Render thread/ERROR] [minecraft/SoundManager]: Missing subtitle translation{key='sounds.q2w.grenadelauncher_shoot', args=[]} for sound event: q2w:grenadelauncher_shoot
[13:59:17] [Render thread/ERROR] [minecraft/SoundManager]: Missing subtitle translation{key='sounds.q2w.chaingun_spindown', args=[]} for sound event: q2w:chaingun_spindown
[13:59:17] [Render thread/ERROR] [minecraft/SoundManager]: Missing subtitle translation{key='sounds.q2w.invuln_pickup', args=[]} for sound event: q2w:invuln_pickup
[13:59:17] [Render thread/ERROR] [minecraft/SoundManager]: Missing subtitle translation{key='sounds.q2w.powershield_enable', args=[]} for sound event: q2w:powershield_enable
[13:59:17] [Render thread/ERROR] [minecraft/SoundManager]: Missing subtitle translation{key='sounds.q2w.shotgun_shoot', args=[]} for sound event: q2w:shotgun_shoot
[13:59:17] [Render thread/ERROR] [minecraft/SoundManager]: Missing subtitle translation{key='sounds.q2w.chaingun_shoot', args=[]} for sound event: q2w:chaingun_shoot
[13:59:17] [Render thread/ERROR] [minecraft/SoundManager]: Missing subtitle translation{key='sounds.q2w.hyperblaster_spinup', args=[]} for sound event: q2w:hyperblaster_spinup
[13:59:17] [Render thread/ERROR] [minecraft/SoundManager]: Missing subtitle translation{key='sounds.q2w.bfg10k_windup', args=[]} for sound event: q2w:bfg10k_windup
[13:59:17] [Render thread/ERROR] [minecraft/SoundManager]: Missing subtitle translation{key='sounds.q2w.quad_damage_use', args=[]} for sound event: q2w:quad_damage_use
[13:59:17] [Render thread/ERROR] [minecraft/SoundManager]: Missing subtitle translation{key='sounds.q2w.blaster_shoot', args=[]} for sound event: q2w:blaster_shoot
[13:59:17] [Render thread/ERROR] [minecraft/SoundManager]: Missing subtitle translation{key='sounds.q2w.powershield_disable', args=[]} for sound event: q2w:powershield_disable
[13:59:17] [Render thread/ERROR] [minecraft/SoundManager]: Missing subtitle translation{key='sounds.q2w.bfg10k_shoot', args=[]} for sound event: q2w:bfg10k_shoot
[13:59:17] [Render thread/ERROR] [minecraft/SoundManager]: Missing subtitle translation{key='sounds.q2w.weapon_switch', args=[]} for sound event: q2w:weapon_switch
[13:59:17] [Render thread/ERROR] [minecraft/SoundManager]: Missing subtitle translation{key='sounds.q2w.handgrenade_cook', args=[]} for sound event: q2w:handgrenade_cook
[13:59:17] [Render thread/ERROR] [minecraft/SoundManager]: Missing subtitle translation{key='sounds.q2w.hyperblaster_loop', args=[]} for sound event: q2w:hyperblaster_loop
[13:59:17] [Render thread/ERROR] [minecraft/SoundManager]: Missing subtitle translation{key='sounds.q2w.rocketlauncher_shoot', args=[]} for sound event: q2w:rocketlauncher_shoot
[13:59:17] [Render thread/ERROR] [minecraft/SoundManager]: Missing subtitle translation{key='sounds.q2w.item_pickup', args=[]} for sound event: q2w:item_pickup
[13:59:17] [Render thread/ERROR] [minecraft/SoundManager]: Missing subtitle translation{key='sounds.q2w.envirosuit_expire', args=[]} for sound event: q2w:envirosuit_expire
[13:59:17] [Render thread/ERROR] [minecraft/SoundManager]: Missing subtitle translation{key='sounds.q2w.rebreather_use', args=[]} for sound event: q2w:rebreather_use
[13:59:17] [Render thread/ERROR] [minecraft/SoundManager]: Missing subtitle translation{key='sounds.q2w.bfg10k_projectile_loop', args=[]} for sound event: q2w:bfg10k_projectile_loop
[13:59:17] [Render thread/ERROR] [minecraft/SoundManager]: Missing subtitle translation{key='sounds.q2w.hyperblaster_shoot', args=[]} for sound event: q2w:hyperblaster_shoot
[13:59:17] [Render thread/ERROR] [minecraft/SoundManager]: Missing subtitle translation{key='sounds.q2w.chaingun_spinup', args=[]} for sound event: q2w:chaingun_spinup
[13:59:17] [Render thread/ERROR] [minecraft/SoundManager]: Missing subtitle translation{key='sounds.q2w.handgrenade_toss', args=[]} for sound event: q2w:handgrenade_toss
[13:59:17] [Render thread/ERROR] [minecraft/SoundManager]: Missing subtitle translation{key='sounds.q2w.invuln_expire', args=[]} for sound event: q2w:invuln_expire
[13:59:17] [Render thread/ERROR] [minecraft/SoundManager]: Missing subtitle translation{key='sounds.q2w.chaingun_loop', args=[]} for sound event: q2w:chaingun_loop
[13:59:17] [Render thread/ERROR] [minecraft/SoundManager]: Missing subtitle translation{key='sounds.q2w.handgrenade_bounce', args=[]} for sound event: q2w:handgrenade_bounce
[13:59:17] [Render thread/ERROR] [minecraft/SoundManager]: Missing subtitle translation{key='sounds.q2w.ammo_pickup', args=[]} for sound event: q2w:ammo_pickup
[13:59:17] [Render thread/ERROR] [minecraft/SoundManager]: Missing subtitle translation{key='sounds.q2w.ammoempty', args=[]} for sound event: q2w:ammoempty
[13:59:17] [Render thread/ERROR] [minecraft/SoundManager]: Missing subtitle translation{key='sounds.q2w.bfg10k_projectile_flash', args=[]} for sound event: q2w:bfg10k_projectile_flash
[13:59:17] [Render thread/ERROR] [minecraft/SoundManager]: Missing subtitle translation{key='sounds.q2w.super_shotgun_shoot', args=[]} for sound event: q2w:super_shotgun_shoot
[13:59:17] [Render thread/ERROR] [minecraft/SoundManager]: Missing subtitle translation{key='sounds.q2w.quad_damage_pickup', args=[]} for sound event: q2w:quad_damage_pickup
[13:59:17] [Render thread/ERROR] [minecraft/SoundManager]: Missing subtitle translation{key='sounds.q2w.hyperblaster_spindown', args=[]} for sound event: q2w:hyperblaster_spindown
[13:59:17] [Render thread/ERROR] [minecraft/SoundManager]: Missing subtitle translation{key='sounds.q2w.railgun_hum', args=[]} for sound event: q2w:railgun_hum
[13:59:17] [Render thread/ERROR] [minecraft/SoundManager]: Missing subtitle translation{key='sounds.q2w.explosion', args=[]} for sound event: q2w:explosion
[13:59:17] [Render thread/ERROR] [minecraft/SoundManager]: Missing subtitle translation{key='sounds.q2w.quad_damage_expire', args=[]} for sound event: q2w:quad_damage_expire
[13:59:17] [Render thread/ERROR] [minecraft/SoundManager]: Missing subtitle translation{key='sounds.q2w.adrenaline_use', args=[]} for sound event: q2w:adrenaline_use
[13:59:17] [Render thread/ERROR] [minecraft/SoundManager]: Missing subtitle translation{key='sounds.q2w.grenadelauncher_bounce', args=[]} for sound event: q2w:grenadelauncher_bounce
[13:59:17] [Render thread/ERROR] [minecraft/SoundManager]: Missing subtitle translation{key='sounds.q2w.railgun_shoot', args=[]} for sound event: q2w:railgun_shoot
[13:59:17] [Render thread/WARN] [minecraft/SoundEngine]: Missing sound for event: minecraft:item.goat_horn.play
[13:59:17] [Render thread/WARN] [minecraft/SoundEngine]: Missing sound for event: minecraft:entity.goat.screaming.horn_break
[13:59:17] [Render thread/INFO] [mojang/Library]: OpenAL initialized on device OpenAL Soft on Kopfhörer (4- Logitech G535 Gaming Headset)
[13:59:17] [Render thread/INFO] [minecraft/SoundEngine]: Sound engine started
[13:59:18] [Render thread/INFO] [minecraft/TextureAtlas]: Created: 1024x1024x4 minecraft:textures/atlas/blocks.png-atlas
[13:59:18] [Render thread/INFO] [minecraft/TextureAtlas]: Created: 256x256x4 minecraft:textures/atlas/signs.png-atlas
[13:59:18] [Render thread/INFO] [minecraft/TextureAtlas]: Created: 512x512x4 minecraft:textures/atlas/shield_patterns.png-atlas
[13:59:18] [Render thread/INFO] [minecraft/TextureAtlas]: Created: 512x512x4 minecraft:textures/atlas/banner_patterns.png-atlas
[13:59:18] [Render thread/INFO] [minecraft/TextureAtlas]: Created: 1024x1024x4 minecraft:textures/atlas/armor_trims.png-atlas
[13:59:18] [Render thread/INFO] [minecraft/TextureAtlas]: Created: 256x256x4 minecraft:textures/atlas/chest.png-atlas
[13:59:18] [Render thread/INFO] [minecraft/TextureAtlas]: Created: 128x64x4 minecraft:textures/atlas/decorated_pot.png-atlas
[13:59:18] [Render thread/INFO] [minecraft/TextureAtlas]: Created: 512x256x4 minecraft:textures/atlas/shulker_boxes.png-atlas
[13:59:18] [Render thread/INFO] [minecraft/TextureAtlas]: Created: 512x256x4 minecraft:textures/atlas/beds.png-atlas
[13:59:18] [Render thread/INFO] [minecraft/TextureAtlas]: Created: 1024x512x0 minecraft:textures/atlas/particles.png-atlas
[13:59:18] [Render thread/INFO] [minecraft/TextureAtlas]: Created: 512x256x0 minecraft:textures/atlas/paintings.png-atlas
[13:59:18] [Render thread/INFO] [minecraft/TextureAtlas]: Created: 256x128x0 minecraft:textures/atlas/mob_effects.png-atlas
[13:59:18] [Render thread/INFO] [minecraft/TextureAtlas]: Created: 64x64x0 minecraft:textures/atlas/map_decorations.png-atlas
[13:59:18] [Render thread/INFO] [minecraft/TextureAtlas]: Created: 1024x512x0 minecraft:textures/atlas/gui.png-atlas
[13:59:18] [Render thread/WARN] [minecraft/ShaderInstance]: Shader rendertype_entity_translucent_emissive could not find sampler named Sampler2 in the specified shader program.
[13:59:18] [Render thread/INFO] [ne.ne.ne.cl.en.an.js.AnimationLoader/]: Loaded 0 entity animations
[13:59:23] [Render thread/INFO] [me.pa.q2.Quake2Weapons/]: Q2W_CLIENT_SMOKE_PASSED: 11 weapon renderers, models, textures and animations
[13:59:24] [Render thread/INFO] [minecraft/Minecraft]: Stopping!

[Incubating] Problems report is available at: file:///G:/Minecraft%20Modifikationsfabrik/Quake%202%20Weapons/build/reports/problems/problems-report.html

BUILD SUCCESSFUL in 1m 27s
10 actionable tasks: 4 executed, 6 up-to-date
