[03Okt.2026 18:37:56.796] [main/INFO] [cpw.mods.modlauncher.Launcher/MODLAUNCHER]: ModLauncher running: args [--launchTarget, forgeclientdev, --version, 21.1.252, --assetIndex, 17, --assetsDir, C:\\Users\\User\\.gradle\\caches\\neoformruntime\\assets, --gameDir, ., --fml.fmlVersion, 4.0.44, --fml.mcVersion, 1.21.1, --fml.neoForgeVersion, 21.1.252, --fml.neoFormVersion, 20240808.144430]
[03Okt.2026 18:37:56.796] [main/INFO] [cpw.mods.modlauncher.Launcher/MODLAUNCHER]: JVM identified as Eclipse Adoptium OpenJDK 64-Bit Server VM 21.0.4+7-LTS
[03Okt.2026 18:37:56.810] [main/INFO] [cpw.mods.modlauncher.Launcher/MODLAUNCHER]: ModLauncher 11.0.5+main.901c6ea8 starting: java version 21.0.4 by Eclipse Adoptium; OS Windows 10 arch amd64 version 10.0
[03Okt.2026 18:37:57.016] [main/INFO] [net.neoforged.fml.loading.ImmediateWindowHandler/]: Loading ImmediateWindowProvider fmlearlywindow
[03Okt.2026 18:37:57.276] [main/INFO] [EARLYDISPLAY/]: Trying GL version 4.6
[03Okt.2026 18:37:57.676] [main/INFO] [EARLYDISPLAY/]: Requested GL version 4.6 got version 4.6
[03Okt.2026 18:37:57.977] [main/INFO] [mixin/]: SpongePowered MIXIN Subsystem Version=0.8.7 Source=union:/C:/Users/User/.gradle/caches/modules-2/files-2.1/net.fabricmc/sponge-mixin/0.15.2+mixin.0.8.7/2af2f021d8e02a0220dc27a7a72b4666d66d44ca/sponge-mixin-0.15.2+mixin.0.8.7.jar%23138!/ Service=ModLauncher Env=CLIENT
[03Okt.2026 18:37:58.998] [pool-2-thread-1/INFO] [EARLYDISPLAY/]: GL info: NVIDIA GeForce GTX 1050 Ti/PCIe/SSE2 GL version 4.6.0 NVIDIA 560.94, NVIDIA Corporation
[03Okt.2026 18:37:59.104] [main/INFO] [net.neoforged.fml.loading.moddiscovery.locators.JarInJarDependencyLocator/]: Found 2 dependencies adding them to mods collection
[03Okt.2026 18:37:59.104] [main/INFO] [net.neoforged.fml.loading.moddiscovery.ModDiscoverer/]: 
     Mod List:
		Name Version (Mod Id)

		GeckoLib 4 4.7.6 (geckolib)
		Minecraft 1.21.1 (minecraft)
		NeoForge 21.1.252 (neoforge)
		Quake 2 Weapons 1.2v-1.21.1 (q2w)
[03Okt.2026 18:38:01.320] [main/INFO] [mixin/]: Compatibility level set to JAVA_21
[03Okt.2026 18:38:01.330] [main/INFO] [cpw.mods.modlauncher.LaunchServiceHandler/MODLAUNCHER]: Launching target 'forgeclientdev' with arguments [--version, 21.1.252, --gameDir, ., --assetsDir, C:\Users\User\.gradle\caches\neoformruntime\assets, --assetIndex, 17]
[03Okt.2026 18:38:01.414] [main/WARN] [mixin/]: Reference map 'geckolib.refmap.json' for geckolib.mixins.json could not be read. If this is a development environment you can ignore this message
[03Okt.2026 18:38:01.906] [main/INFO] [MixinExtras|Service/]: Initializing MixinExtras via com.llamalad7.mixinextras.service.MixinExtrasServiceImpl(version=0.5.3).
[03Okt.2026 18:38:04.933] [Datafixer Bootstrap/INFO] [com.mojang.datafixers.DataFixerBuilder/]: 229 Datafixer optimizations took 895 milliseconds
[03Okt.2026 18:38:13.936] [main/WARN] [net.minecraft.commands.Commands/]: Ambiguity between arguments [teleport, location] and [teleport, destination] with inputs: [0.1 -0.5 .9, 0 0 0]
[03Okt.2026 18:38:13.936] [main/WARN] [net.minecraft.commands.Commands/]: Ambiguity between arguments [teleport, location] and [teleport, targets] with inputs: [0.1 -0.5 .9, 0 0 0]
[03Okt.2026 18:38:13.947] [main/WARN] [net.minecraft.commands.Commands/]: Ambiguity between arguments [teleport, destination] and [teleport, targets] with inputs: [Player, 0123, @e, dd12be42-52a9-4a91-a8a1-11c01849e498]
[03Okt.2026 18:38:13.950] [main/WARN] [net.minecraft.commands.Commands/]: Ambiguity between arguments [teleport, targets] and [teleport, destination] with inputs: [Player, 0123, dd12be42-52a9-4a91-a8a1-11c01849e498]
[03Okt.2026 18:38:13.953] [main/WARN] [net.minecraft.commands.Commands/]: Ambiguity between arguments [teleport, targets, location] and [teleport, targets, destination] with inputs: [0.1 -0.5 .9, 0 0 0]
[03Okt.2026 18:38:14.197] [Render thread/WARN] [net.minecraft.server.packs.VanillaPackResourcesBuilder/]: Assets URL 'union:/G:/Minecraft%20Modifikationsfabrik/Quake%202%20Weapons/build/moddev/artifacts/neoforge-21.1.252.jar%23189!/assets/.mcassetsroot' uses unexpected schema
[03Okt.2026 18:38:14.198] [Render thread/WARN] [net.minecraft.server.packs.VanillaPackResourcesBuilder/]: Assets URL 'union:/G:/Minecraft%20Modifikationsfabrik/Quake%202%20Weapons/build/moddev/artifacts/neoforge-21.1.252.jar%23189!/data/.mcassetsroot' uses unexpected schema
[03Okt.2026 18:38:14.234] [Render thread/INFO] [com.mojang.authlib.yggdrasil.YggdrasilAuthenticationService/]: Environment: Environment[sessionHost=https://sessionserver.mojang.com, servicesHost=https://api.minecraftservices.com, name=PROD]
[03Okt.2026 18:38:14.248] [Render thread/INFO] [net.minecraft.client.Minecraft/]: Setting user: Dev
[03Okt.2026 18:38:14.390] [Render thread/INFO] [net.minecraft.client.Minecraft/]: Backend library: LWJGL version 3.3.3+5
[03Okt.2026 18:38:14.817] [modloading-worker-0/INFO] [net.neoforged.neoforge.common.NeoForgeMod/NEOFORGE-MOD]: NeoForge mod loading, version 21.1.252, for MC 1.21.1
[03Okt.2026 18:38:16.612] [Render thread/INFO] [net.neoforged.neoforge.gametest.GameTestHooks/]: Enabled Gametest Namespaces: []
[03Okt.2026 18:38:17.056] [Render thread/INFO] [net.minecraft.server.packs.resources.ReloadableResourceManager/]: Reloading ResourceManager: vanilla, mod_resources, mod/q2w, mod/geckolib, mod/neoforge
[03Okt.2026 18:38:17.149] [Worker-Main-7/WARN] [GeckoLib/]: Unsupported geometry json version for model q2w:geo/blaster.geo.json. Supported versions: 1.12.0
[03Okt.2026 18:38:17.148] [Worker-Main-1/WARN] [GeckoLib/]: Unsupported geometry json version for model q2w:geo/bfg10k.geo.json. Supported versions: 1.12.0
[03Okt.2026 18:38:17.179] [Worker-Main-7/WARN] [GeckoLib/]: Unsupported geometry json version for model q2w:geo/grenadelauncher.geo.json. Supported versions: 1.12.0
[03Okt.2026 18:38:17.179] [Worker-Main-4/WARN] [GeckoLib/]: Unsupported geometry json version for model q2w:geo/handgrenade.geo.json. Supported versions: 1.12.0
[03Okt.2026 18:38:17.180] [Worker-Main-1/WARN] [GeckoLib/]: Unsupported geometry json version for model q2w:geo/chaingun.geo.json. Supported versions: 1.12.0
[03Okt.2026 18:38:17.185] [Worker-Main-6/WARN] [GeckoLib/]: Unsupported geometry json version for model q2w:geo/hyperblaster.geo.json. Supported versions: 1.12.0
[03Okt.2026 18:38:17.190] [Worker-Main-4/WARN] [GeckoLib/]: Unsupported geometry json version for model q2w:geo/machinegun.geo.json. Supported versions: 1.12.0
[03Okt.2026 18:38:17.194] [Worker-Main-1/WARN] [GeckoLib/]: Unsupported geometry json version for model q2w:geo/railgun.geo.json. Supported versions: 1.12.0
[03Okt.2026 18:38:17.196] [Worker-Main-6/WARN] [GeckoLib/]: Unsupported geometry json version for model q2w:geo/rocketlauncher.geo.json. Supported versions: 1.12.0
[03Okt.2026 18:38:17.201] [Worker-Main-1/WARN] [GeckoLib/]: Unsupported geometry json version for model q2w:geo/super_shotgun.geo.json. Supported versions: 1.12.0
[03Okt.2026 18:38:17.222] [Worker-Main-4/WARN] [GeckoLib/]: Unsupported geometry json version for model q2w:geo/shotgun.geo.json. Supported versions: 1.12.0
[03Okt.2026 18:38:17.662] [Worker-Main-5/INFO] [net.minecraft.client.gui.font.providers.UnihexProvider/]: Found unifont_all_no_pua-15.1.05.hex, loading
[03Okt.2026 18:38:17.792] [Worker-Main-1/INFO] [net.minecraft.client.gui.font.providers.UnihexProvider/]: Found unifont_jp_patch-15.1.05.hex, loading
[03Okt.2026 18:38:20.381] [Render thread/WARN] [net.minecraft.client.sounds.SoundEngine/]: Missing sound for event: minecraft:item.goat_horn.play
[03Okt.2026 18:38:20.381] [Render thread/WARN] [net.minecraft.client.sounds.SoundEngine/]: Missing sound for event: minecraft:entity.goat.screaming.horn_break
[03Okt.2026 18:38:20.635] [Render thread/INFO] [com.mojang.blaze3d.audio.Library/]: OpenAL initialized on device OpenAL Soft on Kopfhörer (4- Logitech G535 Gaming Headset)
[03Okt.2026 18:38:20.637] [Render thread/INFO] [net.minecraft.client.sounds.SoundEngine/SOUNDS]: Sound engine started
[03Okt.2026 18:38:20.801] [Render thread/INFO] [net.minecraft.client.renderer.texture.TextureAtlas/]: Created: 1024x1024x4 minecraft:textures/atlas/blocks.png-atlas
[03Okt.2026 18:38:20.821] [Render thread/INFO] [net.minecraft.client.renderer.texture.TextureAtlas/]: Created: 256x256x4 minecraft:textures/atlas/signs.png-atlas
[03Okt.2026 18:38:20.822] [Render thread/INFO] [net.minecraft.client.renderer.texture.TextureAtlas/]: Created: 512x512x4 minecraft:textures/atlas/shield_patterns.png-atlas
[03Okt.2026 18:38:20.823] [Render thread/INFO] [net.minecraft.client.renderer.texture.TextureAtlas/]: Created: 512x512x4 minecraft:textures/atlas/banner_patterns.png-atlas
[03Okt.2026 18:38:20.824] [Render thread/INFO] [net.minecraft.client.renderer.texture.TextureAtlas/]: Created: 1024x1024x4 minecraft:textures/atlas/armor_trims.png-atlas
[03Okt.2026 18:38:20.830] [Render thread/INFO] [net.minecraft.client.renderer.texture.TextureAtlas/]: Created: 256x256x4 minecraft:textures/atlas/chest.png-atlas
[03Okt.2026 18:38:20.831] [Render thread/INFO] [net.minecraft.client.renderer.texture.TextureAtlas/]: Created: 128x64x4 minecraft:textures/atlas/decorated_pot.png-atlas
[03Okt.2026 18:38:20.832] [Render thread/INFO] [net.minecraft.client.renderer.texture.TextureAtlas/]: Created: 512x256x4 minecraft:textures/atlas/beds.png-atlas
[03Okt.2026 18:38:20.833] [Render thread/INFO] [net.minecraft.client.renderer.texture.TextureAtlas/]: Created: 512x256x4 minecraft:textures/atlas/shulker_boxes.png-atlas
[03Okt.2026 18:38:20.963] [Render thread/INFO] [net.minecraft.client.renderer.texture.TextureAtlas/]: Created: 1024x512x0 minecraft:textures/atlas/particles.png-atlas
[03Okt.2026 18:38:20.967] [Render thread/INFO] [net.minecraft.client.renderer.texture.TextureAtlas/]: Created: 512x256x0 minecraft:textures/atlas/paintings.png-atlas
[03Okt.2026 18:38:20.968] [Render thread/INFO] [net.minecraft.client.renderer.texture.TextureAtlas/]: Created: 256x128x0 minecraft:textures/atlas/mob_effects.png-atlas
[03Okt.2026 18:38:20.968] [Render thread/INFO] [net.minecraft.client.renderer.texture.TextureAtlas/]: Created: 64x64x0 minecraft:textures/atlas/map_decorations.png-atlas
[03Okt.2026 18:38:20.969] [Render thread/INFO] [net.minecraft.client.renderer.texture.TextureAtlas/]: Created: 1024x512x0 minecraft:textures/atlas/gui.png-atlas
[03Okt.2026 18:38:21.006] [Render thread/WARN] [net.minecraft.client.renderer.ShaderInstance/]: Shader rendertype_entity_translucent_emissive could not find sampler named Sampler2 in the specified shader program.
[03Okt.2026 18:38:21.166] [Render thread/INFO] [net.neoforged.neoforge.client.entity.animation.json.AnimationLoader/]: Loaded 0 entity animations
[03Okt.2026 18:38:25.695] [Render thread/INFO] [net.minecraft.world.item.crafting.RecipeManager/]: Loaded 1309 recipes
[03Okt.2026 18:38:25.997] [Render thread/INFO] [net.minecraft.advancements.AdvancementTree/]: Loaded 1399 advancements
[03Okt.2026 18:38:31.588] [Server thread/INFO] [net.minecraft.client.server.IntegratedServer/]: Starting integrated minecraft server version 1.21.1
[03Okt.2026 18:38:31.589] [Server thread/INFO] [net.minecraft.server.MinecraftServer/]: Generating keypair
[03Okt.2026 18:38:31.712] [Server thread/INFO] [mett.palemannie.q2w.event.PowerupSpawner/]: [Quake2Weapons] PowerupSpawner config reloaded:
[03Okt.2026 18:38:31.713] [Server thread/INFO] [mett.palemannie.q2w.event.PowerupSpawner/]: interval=600 | attempts=5 | radius=5 | debug=false | enablePowerups=true, maxNearbyPowerups=4
[03Okt.2026 18:38:31.713] [Server thread/INFO] [mett.palemannie.q2w.event.PowerupSpawner/]: [Quake2Weapons] Config values after load: powerupSpawnInterval=600, powerupSpawnAttempts=5, powerupSpawnSearchRadius=5, enablePowerups=true, powerupDebug=false, maxNearbyPowerups=net.neoforged.neoforge.common.ModConfigSpec$IntValue@27763b19
[03Okt.2026 18:38:31.713] [Server thread/INFO] [mett.palemannie.q2w.Quake2Weapons/]: [Quake2Weapons] Power Shield config reloaded:
[03Okt.2026 18:38:31.713] [Server thread/INFO] [mett.palemannie.q2w.Quake2Weapons/]: powershieldAbsorbRatio=0.66 | powershieldDamagePreCellConsumed=2.0
[03Okt.2026 18:38:31.714] [Server thread/INFO] [mett.palemannie.q2w.Quake2Weapons/]: [Quake2Weapons] Config values after load: powershieldAbsorbRatio=0.66 | powershieldDamagePreCellConsumed=2.0
[03Okt.2026 18:38:39.292] [Server thread/INFO] [net.minecraft.server.MinecraftServer/]: Preparing start region for dimension minecraft:overworld
[03Okt.2026 18:38:39.359] [progressListener/INFO] [net.minecraft.server.level.progress.LoggerChunkProgressListener/]: Preparing spawn area: 2%
[03Okt.2026 18:38:39.858] [progressListener/INFO] [net.minecraft.server.level.progress.LoggerChunkProgressListener/]: Preparing spawn area: 2%
[03Okt.2026 18:38:40.318] [progressListener/INFO] [net.minecraft.server.level.progress.LoggerChunkProgressListener/]: Preparing spawn area: 2%
[03Okt.2026 18:38:40.832] [progressListener/INFO] [net.minecraft.server.level.progress.LoggerChunkProgressListener/]: Preparing spawn area: 2%
[03Okt.2026 18:38:41.320] [progressListener/INFO] [net.minecraft.server.level.progress.LoggerChunkProgressListener/]: Preparing spawn area: 2%
[03Okt.2026 18:38:41.856] [progressListener/INFO] [net.minecraft.server.level.progress.LoggerChunkProgressListener/]: Preparing spawn area: 18%
[03Okt.2026 18:38:42.306] [progressListener/INFO] [net.minecraft.server.level.progress.LoggerChunkProgressListener/]: Preparing spawn area: 18%
[03Okt.2026 18:38:42.815] [progressListener/INFO] [net.minecraft.server.level.progress.LoggerChunkProgressListener/]: Preparing spawn area: 18%
[03Okt.2026 18:38:43.324] [progressListener/INFO] [net.minecraft.server.level.progress.LoggerChunkProgressListener/]: Preparing spawn area: 18%
[03Okt.2026 18:38:43.828] [progressListener/INFO] [net.minecraft.server.level.progress.LoggerChunkProgressListener/]: Preparing spawn area: 51%
[03Okt.2026 18:38:44.312] [progressListener/INFO] [net.minecraft.server.level.progress.LoggerChunkProgressListener/]: Preparing spawn area: 51%
[03Okt.2026 18:38:44.809] [progressListener/INFO] [net.minecraft.server.level.progress.LoggerChunkProgressListener/]: Preparing spawn area: 51%
[03Okt.2026 18:38:45.309] [progressListener/INFO] [net.minecraft.server.level.progress.LoggerChunkProgressListener/]: Preparing spawn area: 51%
[03Okt.2026 18:38:45.680] [Server thread/INFO] [net.neoforged.neoforge.server.permission.PermissionAPI/]: Successfully initialized permission handler neoforge:default_handler
[03Okt.2026 18:38:45.683] [progressListener/INFO] [net.minecraft.server.level.progress.LoggerChunkProgressListener/]: Time elapsed: 6384 ms
[03Okt.2026 18:38:45.742] [Server thread/INFO] [net.minecraft.client.server.IntegratedServer/]: Changing view distance to 12, from 10
[03Okt.2026 18:38:45.743] [Server thread/INFO] [net.minecraft.client.server.IntegratedServer/]: Changing simulation distance to 12, from 0
[03Okt.2026 18:38:46.963] [Server thread/INFO] [net.minecraft.server.players.PlayerList/]: Dev[local:E:33d61da7] logged in with entity id 19 at (-5.5, 77.0, -0.5)
[03Okt.2026 18:38:47.086] [Server thread/INFO] [net.minecraft.server.MinecraftServer/]: Dev joined the game
[03Okt.2026 18:38:47.524] [Render thread/INFO] [net.minecraft.advancements.AdvancementTree/]: Loaded 2 advancements
[03Okt.2026 18:40:02.933] [Server thread/INFO] [net.minecraft.client.server.IntegratedServer/]: Saving and pausing game...
[03Okt.2026 18:40:02.958] [Server thread/INFO] [net.minecraft.server.MinecraftServer/]: Saving chunks for level 'ServerLevel[New World]'/minecraft:overworld
[03Okt.2026 18:40:02.992] [Server thread/INFO] [net.minecraft.server.MinecraftServer/]: Saving chunks for level 'ServerLevel[New World]'/minecraft:the_end
[03Okt.2026 18:40:02.992] [Server thread/INFO] [net.minecraft.server.MinecraftServer/]: Saving chunks for level 'ServerLevel[New World]'/minecraft:the_nether
[03Okt.2026 18:40:03.753] [Server thread/INFO] [net.minecraft.server.network.ServerGamePacketListenerImpl/]: Dev lost connection: Disconnected
[03Okt.2026 18:40:03.754] [Server thread/INFO] [net.minecraft.server.MinecraftServer/]: Dev left the game
[03Okt.2026 18:40:03.770] [Server thread/INFO] [net.minecraft.server.network.ServerCommonPacketListenerImpl/]: Stopping singleplayer server as player logged out
[03Okt.2026 18:40:03.802] [Server thread/INFO] [net.minecraft.server.MinecraftServer/]: Stopping server
[03Okt.2026 18:40:03.802] [Server thread/INFO] [net.minecraft.server.MinecraftServer/]: Saving players
[03Okt.2026 18:40:03.802] [Server thread/INFO] [net.minecraft.server.MinecraftServer/]: Saving worlds
[03Okt.2026 18:40:05.128] [Server thread/INFO] [net.minecraft.server.MinecraftServer/]: Saving chunks for level 'ServerLevel[New World]'/minecraft:overworld
[03Okt.2026 18:40:09.744] [Server thread/INFO] [net.minecraft.server.MinecraftServer/]: Saving chunks for level 'ServerLevel[New World]'/minecraft:the_end
[03Okt.2026 18:40:09.749] [Server thread/INFO] [net.minecraft.server.MinecraftServer/]: Saving chunks for level 'ServerLevel[New World]'/minecraft:the_nether
[03Okt.2026 18:40:09.759] [Server thread/INFO] [net.minecraft.server.MinecraftServer/]: ThreadedAnvilChunkStorage (New World): All chunks are saved
[03Okt.2026 18:40:09.760] [Server thread/INFO] [net.minecraft.server.MinecraftServer/]: ThreadedAnvilChunkStorage (DIM1): All chunks are saved
[03Okt.2026 18:40:09.760] [Server thread/INFO] [net.minecraft.server.MinecraftServer/]: ThreadedAnvilChunkStorage (DIM-1): All chunks are saved
[03Okt.2026 18:40:09.760] [Server thread/INFO] [net.minecraft.server.MinecraftServer/]: ThreadedAnvilChunkStorage: All dimensions are saved
[03Okt.2026 18:40:10.556] [Render thread/INFO] [mett.palemannie.q2w.Quake2Weapons/]: Q2W_CLIENT_SMOKE_PASSED: 11 weapon renderers, models, textures and animations
[03Okt.2026 18:40:10.571] [Render thread/INFO] [net.minecraft.client.Minecraft/]: Stopping!
